<?xml version="1.0" encoding="utf-8"?>
<?xml-stylesheet type="text/xsl" href="gumpad.xsl"?>
<!--
	Copyright © 2007-2010 Pradyumna Revur. All rights reserved.
	   
	Example transliteration map for GumPad (http://www.gumpad.org/)

	This configuration file describes mappings of English language 
	character sequences to Indian language character sequences.
	It contains the complete set of supported character-names in
	the version identified by the schema-revision attribute.
	   
	To create a custom map, change the input sequence attribute corresponding to
	the character-name that you would like the sequence to represent. You
	may map multiple English character input sequences to a single Indian character
	output sequence.
	   
	The transliteration-scheme-name and contributor-name attributes are for
	display and identificaton purposes only and do not affect transliteration.

	Remember to save this file using UTF-8 encoding.
	   
	This map contains mappings based on ITRANS http://www.aczoom.com/itrans/.
-->
<TransliterationMap xmlns:xsi="http://www.w3.org/2001/XMLSchema-instance" xmlns:xsd="http://www.w3.org/2001/XMLSchema" schema-revision="2.0" transliteration-scheme-name="ITRANS-NOSWARAS" contributor-name="GumPad sample conversion map for ITRANS for printing without swaras">
  <mapping>
    <character-name>SIGN_CANDRABINDU</character-name>
    <input-sequence>.N</input-sequence>
    <unicode-output-sequence>\u0001</unicode-output-sequence>
    <extended-latin-output-sequence>à</extended-latin-output-sequence>
    <language>*</language>
  </mapping>
  <mapping>
    <character-name>SIGN_ANUSVARA</character-name>
    <input-sequence>.n</input-sequence>
    <input-sequence>M</input-sequence>
    <unicode-output-sequence>\u0002</unicode-output-sequence>
    <extended-latin-output-sequence>ṁ</extended-latin-output-sequence>
    <language>*</language>
  </mapping>
  <mapping>
    <character-name>SIGN_VISARGA</character-name>
    <input-sequence>H</input-sequence>
    <unicode-output-sequence>\u0003</unicode-output-sequence>
    <extended-latin-output-sequence>ḥ</extended-latin-output-sequence>
    <language>*</language>
  </mapping>
  <mapping>
    <character-name>LETTER_SHORT_A</character-name>
    <input-sequence>^a</input-sequence>
    <unicode-output-sequence>\u0004</unicode-output-sequence>
    <extended-latin-output-sequence />
    <language>*</language>
  </mapping>
  <mapping>
    <character-name>LETTER_A</character-name>
    <input-sequence>a</input-sequence>
    <unicode-output-sequence>\u0005</unicode-output-sequence>
    <extended-latin-output-sequence>a</extended-latin-output-sequence>
    <language>*</language>
  </mapping>
  <mapping>
    <character-name>LETTER_AA</character-name>
    <input-sequence>A</input-sequence>
    <input-sequence>aa</input-sequence>
    <unicode-output-sequence>\u0006</unicode-output-sequence>
    <extended-latin-output-sequence>ā</extended-latin-output-sequence>
    <language>*</language>
  </mapping>
  <mapping>
    <character-name>LETTER_I</character-name>
    <input-sequence>i</input-sequence>
    <unicode-output-sequence>\u0007</unicode-output-sequence>
    <extended-latin-output-sequence>i</extended-latin-output-sequence>
    <language>*</language>
  </mapping>
  <mapping>
    <character-name>LETTER_II</character-name>
    <input-sequence>I</input-sequence>
    <input-sequence>ii</input-sequence>
    <unicode-output-sequence>\u0008</unicode-output-sequence>
    <extended-latin-output-sequence>ī</extended-latin-output-sequence>
    <language>*</language>
  </mapping>
  <mapping>
    <character-name>LETTER_U</character-name>
    <input-sequence>u</input-sequence>
    <unicode-output-sequence>\u0009</unicode-output-sequence>
    <extended-latin-output-sequence>u</extended-latin-output-sequence>
    <language>*</language>
  </mapping>
  <mapping>
    <character-name>LETTER_UU</character-name>
    <input-sequence>U</input-sequence>
    <input-sequence>uu</input-sequence>
    <unicode-output-sequence>\u000A</unicode-output-sequence>
    <extended-latin-output-sequence>ū</extended-latin-output-sequence>
    <language>*</language>
  </mapping>
  <mapping>
    <character-name>LETTER_VOCALIC_R</character-name>
    <input-sequence>R^i</input-sequence>
    <unicode-output-sequence>\u000B</unicode-output-sequence>
    <extended-latin-output-sequence>ṛ</extended-latin-output-sequence>
    <language>*</language>
  </mapping>
  <mapping>
    <character-name>LETTER_VOCALIC_L</character-name>
    <input-sequence>L^i</input-sequence>
    <unicode-output-sequence>\u000C</unicode-output-sequence>
    <extended-latin-output-sequence>ḷ</extended-latin-output-sequence>
    <language>*</language>
  </mapping>
  <mapping>
    <character-name>LETTER_CANDRA_E</character-name>
    <input-sequence>^e</input-sequence>
    <unicode-output-sequence>\u000D</unicode-output-sequence>
    <extended-latin-output-sequence />
    <language>*</language>
  </mapping>
  <mapping>
    <character-name>LETTER_E</character-name>
    <input-sequence>.e</input-sequence>
    <unicode-output-sequence>\u000E</unicode-output-sequence>
    <extended-latin-output-sequence>e</extended-latin-output-sequence>
    <language>*</language>
  </mapping>
  <mapping>
    <character-name>LETTER_EE</character-name>
    <input-sequence>E</input-sequence>
    <input-sequence>e</input-sequence>
    <unicode-output-sequence>\u000F</unicode-output-sequence>
    <extended-latin-output-sequence>ē</extended-latin-output-sequence>
    <language>*</language>
  </mapping>
  <mapping>
    <character-name>LETTER_AI</character-name>
    <input-sequence>ai</input-sequence>
    <unicode-output-sequence>\u0010</unicode-output-sequence>
    <extended-latin-output-sequence>ai</extended-latin-output-sequence>
    <language>*</language>
  </mapping>
  <mapping>
    <character-name>LETTER_CANDRA_O</character-name>
    <input-sequence>^o</input-sequence>
    <unicode-output-sequence>\u0011</unicode-output-sequence>
    <extended-latin-output-sequence />
    <language>*</language>
  </mapping>
  <mapping>
    <character-name>LETTER_O</character-name>
    <input-sequence>.o</input-sequence>
    <unicode-output-sequence>\u0012</unicode-output-sequence>
    <extended-latin-output-sequence>o</extended-latin-output-sequence>
    <language>*</language>
  </mapping>
  <mapping>
    <character-name>LETTER_OO</character-name>
    <input-sequence>O</input-sequence>
    <input-sequence>o</input-sequence>
    <unicode-output-sequence>\u0013</unicode-output-sequence>
    <extended-latin-output-sequence>ō</extended-latin-output-sequence>
    <language>*</language>
  </mapping>
  <mapping>
    <character-name>LETTER_AU</character-name>
    <input-sequence>au</input-sequence>
    <unicode-output-sequence>\u0014</unicode-output-sequence>
    <extended-latin-output-sequence>au</extended-latin-output-sequence>
    <language>*</language>
  </mapping>
  <mapping>
    <character-name>LETTER_KA</character-name>
    <input-sequence>k</input-sequence>
    <unicode-output-sequence>\u0015</unicode-output-sequence>
    <extended-latin-output-sequence>k</extended-latin-output-sequence>
    <language>*</language>
  </mapping>
  <mapping>
    <character-name>CONJUNCT_KKA</character-name>
    <input-sequence>kk</input-sequence>
    <unicode-output-sequence>\u0015\u004D\u0015</unicode-output-sequence>
    <extended-latin-output-sequence />
    <language>hi</language>
  </mapping>
  <mapping>
    <character-name>CONJUNCT_KSHA</character-name>
    <input-sequence>kSh</input-sequence>
    <input-sequence>ksh</input-sequence>
    <input-sequence>x</input-sequence>
    <unicode-output-sequence>\u0015\u004D\u0037</unicode-output-sequence>
    <extended-latin-output-sequence />
    <language>*</language>
  </mapping>
  <mapping>
    <character-name>LETTER_KHA</character-name>
    <input-sequence>kh</input-sequence>
    <unicode-output-sequence>\u0016</unicode-output-sequence>
    <extended-latin-output-sequence>kh</extended-latin-output-sequence>
    <language>*</language>
  </mapping>
  <mapping>
    <character-name>LETTER_GA</character-name>
    <input-sequence>g</input-sequence>
    <unicode-output-sequence>\u0017</unicode-output-sequence>
    <extended-latin-output-sequence>g</extended-latin-output-sequence>
    <language>*</language>
  </mapping>
  <mapping>
    <character-name>CONJUNCT_GUM</character-name>
    <input-sequence>ga.N</input-sequence>
    <input-sequence>{\m+}</input-sequence>
    <unicode-output-sequence>\u0017\u004D\u0002</unicode-output-sequence>
    <extended-latin-output-sequence />
    <language>*</language>
  </mapping>
  <mapping>
    <character-name>ITRANS_NONCHAR</character-name>
    <input-sequence>{}</input-sequence>
    <!-- don't print -->
    <unicode-output-sequence>\uFFFF</unicode-output-sequence>
    <extended-latin-output-sequence />
    <language>*</language>
  </mapping>
  <mapping>
    <character-name>LETTER_GHA</character-name>
    <input-sequence>gh</input-sequence>
    <unicode-output-sequence>\u0018</unicode-output-sequence>
    <extended-latin-output-sequence>gh</extended-latin-output-sequence>
    <language>*</language>
  </mapping>
  <mapping>
    <character-name>LETTER_NGA</character-name>
    <input-sequence>~N</input-sequence>
    <input-sequence>N^</input-sequence>
    <unicode-output-sequence>\u0019</unicode-output-sequence>
    <extended-latin-output-sequence>ṅ</extended-latin-output-sequence>
    <language>*</language>
  </mapping>
  <mapping>
    <character-name>LETTER_CA</character-name>
    <input-sequence>ch</input-sequence>
    <unicode-output-sequence>\u001A</unicode-output-sequence>
    <extended-latin-output-sequence>c</extended-latin-output-sequence>
    <language>*</language>
  </mapping>
  <mapping>
    <character-name>LETTER_CHA</character-name>
    <input-sequence>chh</input-sequence>
    <unicode-output-sequence>\u001B</unicode-output-sequence>
    <extended-latin-output-sequence>ch</extended-latin-output-sequence>
    <language>*</language>
  </mapping>
  <mapping>
    <character-name>LETTER_JA</character-name>
    <input-sequence>j</input-sequence>
    <unicode-output-sequence>\u001C</unicode-output-sequence>
    <extended-latin-output-sequence>j</extended-latin-output-sequence>
    <language>*</language>
  </mapping>
  <mapping>
    <character-name>CONJUNCT_GYA</character-name>
    <input-sequence>GY</input-sequence>
    <input-sequence>j~n</input-sequence>
    <unicode-output-sequence>\u001C\u004D\u001E</unicode-output-sequence>
    <extended-latin-output-sequence />
    <language>hi</language>
  </mapping>
  <mapping>
    <character-name>LETTER_JHA</character-name>
    <input-sequence>jh</input-sequence>
    <unicode-output-sequence>\u001D</unicode-output-sequence>
    <extended-latin-output-sequence>jh</extended-latin-output-sequence>
    <language>*</language>
  </mapping>
  <mapping>
    <character-name>LETTER_NYA</character-name>
    <input-sequence>~n</input-sequence>
    <input-sequence>JN</input-sequence>
    <unicode-output-sequence>\u001E</unicode-output-sequence>
    <extended-latin-output-sequence>ñ</extended-latin-output-sequence>
    <language>*</language>
  </mapping>
  <mapping>
    <character-name>LETTER_TTA</character-name>
    <input-sequence>T</input-sequence>
    <unicode-output-sequence>\u001F</unicode-output-sequence>
    <extended-latin-output-sequence>ṭ</extended-latin-output-sequence>
    <language>*</language>
  </mapping>
  <mapping>
    <character-name>LETTER_TTHA</character-name>
    <input-sequence>Th</input-sequence>
    <unicode-output-sequence>\u0020</unicode-output-sequence>
    <extended-latin-output-sequence>ṭh</extended-latin-output-sequence>
    <language>*</language>
  </mapping>
  <mapping>
    <character-name>LETTER_DDA</character-name>
    <input-sequence>D</input-sequence>
    <unicode-output-sequence>\u0021</unicode-output-sequence>
    <extended-latin-output-sequence>ḍ</extended-latin-output-sequence>
    <language>*</language>
  </mapping>
  <mapping>
    <character-name>LETTER_DDHA</character-name>
    <input-sequence>Dh</input-sequence>
    <unicode-output-sequence>\u0022</unicode-output-sequence>
    <extended-latin-output-sequence>ḍh</extended-latin-output-sequence>
    <language>*</language>
  </mapping>
  <mapping>
    <character-name>LETTER_NNA</character-name>
    <input-sequence>N</input-sequence>
    <unicode-output-sequence>\u0023</unicode-output-sequence>
    <extended-latin-output-sequence>ṇ</extended-latin-output-sequence>
    <language>*</language>
  </mapping>
  <mapping>
    <character-name>LETTER_TA</character-name>
    <input-sequence>t</input-sequence>
    <unicode-output-sequence>\u0024</unicode-output-sequence>
    <extended-latin-output-sequence>t</extended-latin-output-sequence>
    <language>*</language>
  </mapping>
  <mapping>
    <character-name>LETTER_THA</character-name>
    <input-sequence>th</input-sequence>
    <unicode-output-sequence>\u0025</unicode-output-sequence>
    <extended-latin-output-sequence>th</extended-latin-output-sequence>
    <language>*</language>
  </mapping>
  <mapping>
    <character-name>LETTER_DA</character-name>
    <input-sequence>d</input-sequence>
    <unicode-output-sequence>\u0026</unicode-output-sequence>
    <extended-latin-output-sequence>d</extended-latin-output-sequence>
    <language>*</language>
  </mapping>
  <mapping>
    <character-name>LETTER_DHA</character-name>
    <input-sequence>dh</input-sequence>
    <unicode-output-sequence>\u0027</unicode-output-sequence>
    <extended-latin-output-sequence>dh</extended-latin-output-sequence>
    <language>*</language>
  </mapping>
  <mapping>
    <character-name>LETTER_NA</character-name>
    <input-sequence>n</input-sequence>
    <unicode-output-sequence>\u0028</unicode-output-sequence>
    <extended-latin-output-sequence>n</extended-latin-output-sequence>
    <language>*</language>
  </mapping>
  <mapping>
    <character-name>LETTER_NNNA</character-name>
    <input-sequence>N.</input-sequence>
    <unicode-output-sequence>\u0029</unicode-output-sequence>
    <extended-latin-output-sequence />
    <language>*</language>
  </mapping>
  <mapping>
    <character-name>LETTER_PA</character-name>
    <input-sequence>p</input-sequence>
    <unicode-output-sequence>\u002A</unicode-output-sequence>
    <extended-latin-output-sequence>p</extended-latin-output-sequence>
    <language>*</language>
  </mapping>
  <mapping>
    <character-name>LETTER_PHA</character-name>
    <input-sequence>ph</input-sequence>
    <unicode-output-sequence>\u002B</unicode-output-sequence>
    <extended-latin-output-sequence>ph</extended-latin-output-sequence>
    <language>*</language>
  </mapping>
  <mapping>
    <character-name>LETTER_BA</character-name>
    <input-sequence>b</input-sequence>
    <unicode-output-sequence>\u002C</unicode-output-sequence>
    <extended-latin-output-sequence>b</extended-latin-output-sequence>
    <language>*</language>
  </mapping>
  <mapping>
    <character-name>LETTER_BHA</character-name>
    <input-sequence>bh</input-sequence>
    <unicode-output-sequence>\u002D</unicode-output-sequence>
    <extended-latin-output-sequence>bh</extended-latin-output-sequence>
    <language>*</language>
  </mapping>
  <mapping>
    <character-name>LETTER_MA</character-name>
    <input-sequence>m</input-sequence>
    <unicode-output-sequence>\u002E</unicode-output-sequence>
    <extended-latin-output-sequence>m</extended-latin-output-sequence>
    <language>*</language>
  </mapping>
  <mapping>
    <character-name>LETTER_YA</character-name>
    <input-sequence>y</input-sequence>
    <unicode-output-sequence>\u002F</unicode-output-sequence>
    <extended-latin-output-sequence>y</extended-latin-output-sequence>
    <language>*</language>
  </mapping>
  <mapping>
    <character-name>LETTER_RA</character-name>
    <input-sequence>r</input-sequence>
    <unicode-output-sequence>\u0030</unicode-output-sequence>
    <extended-latin-output-sequence>r</extended-latin-output-sequence>
    <language>*</language>
  </mapping>
  <mapping>
    <character-name>LETTER_EYELASH_RA</character-name>
    <input-sequence>^R</input-sequence>
    <unicode-output-sequence>\u0030\u004D\u200D</unicode-output-sequence>
    <extended-latin-output-sequence />
    <language>hi</language>
  </mapping>
  <mapping>
    <character-name>LETTER_RRA</character-name>
    <input-sequence>R</input-sequence>
    <unicode-output-sequence>\u0031</unicode-output-sequence>
    <extended-latin-output-sequence />
    <language>*</language>
  </mapping>
  <mapping>
    <character-name>LETTER_LA</character-name>
    <input-sequence>l</input-sequence>
    <unicode-output-sequence>\u0032</unicode-output-sequence>
    <extended-latin-output-sequence>l</extended-latin-output-sequence>
    <language>*</language>
  </mapping>
  <mapping>
    <character-name>LETTER_LLA</character-name>
    <input-sequence>L</input-sequence>
    <unicode-output-sequence>\u0033</unicode-output-sequence>
    <extended-latin-output-sequence>ḻ</extended-latin-output-sequence>
    <language>*</language>
  </mapping>
  <mapping>
    <character-name>LETTER_LLLA</character-name>
    <input-sequence>.L</input-sequence>
    <unicode-output-sequence>\u0034</unicode-output-sequence>
    <extended-latin-output-sequence />
    <language>*</language>
  </mapping>
  <mapping>
    <character-name>LETTER_VA</character-name>
    <input-sequence>v</input-sequence>
    <input-sequence>w</input-sequence>
    <unicode-output-sequence>\u0035</unicode-output-sequence>
    <extended-latin-output-sequence>v</extended-latin-output-sequence>
    <language>*</language>
  </mapping>
  <mapping>
    <character-name>LETTER_SHA</character-name>
    <input-sequence>sh</input-sequence>
    <unicode-output-sequence>\u0036</unicode-output-sequence>
    <extended-latin-output-sequence>ś</extended-latin-output-sequence>
    <language>*</language>
  </mapping>
  <mapping>
    <character-name>LETTER_SSA</character-name>
    <input-sequence>Sh</input-sequence>
    <input-sequence>shh</input-sequence>
    <unicode-output-sequence>\u0037</unicode-output-sequence>
    <extended-latin-output-sequence>ṣ</extended-latin-output-sequence>
    <language>*</language>
  </mapping>
  <mapping>
    <character-name>LETTER_SA</character-name>
    <input-sequence>s</input-sequence>
    <unicode-output-sequence>\u0038</unicode-output-sequence>
    <extended-latin-output-sequence>s</extended-latin-output-sequence>
    <language>*</language>
  </mapping>
  <mapping>
    <character-name>LETTER_HA</character-name>
    <input-sequence>h</input-sequence>
    <unicode-output-sequence>\u0039</unicode-output-sequence>
    <extended-latin-output-sequence>h</extended-latin-output-sequence>
    <language>*</language>
  </mapping>
  <mapping>
    <character-name>SIGN_NUKTA</character-name>
    <input-sequence>^n</input-sequence>
    <unicode-output-sequence>\u003C</unicode-output-sequence>
    <extended-latin-output-sequence />
    <language>*</language>
  </mapping>
  <mapping>
    <character-name>SIGN_AVAGRAHA</character-name>
    <input-sequence>.a</input-sequence>
    <unicode-output-sequence>\u003D</unicode-output-sequence>
    <extended-latin-output-sequence>'</extended-latin-output-sequence>
    <language>*</language>
  </mapping>
  <mapping>
    <character-name>VOWEL_SIGN_AA</character-name>
    <input-sequence>XA</input-sequence>
    <input-sequence>Xaa</input-sequence>
    <unicode-output-sequence>\u003E</unicode-output-sequence>
    <extended-latin-output-sequence />
    <language>*</language>
  </mapping>
  <mapping>
    <character-name>VOWEL_SIGN_I</character-name>
    <input-sequence>Xi</input-sequence>
    <unicode-output-sequence>\u003F</unicode-output-sequence>
    <extended-latin-output-sequence />
    <language>*</language>
  </mapping>
  <mapping>
    <character-name>VOWEL_SIGN_II</character-name>
    <input-sequence>XI</input-sequence>
    <input-sequence>Xii</input-sequence>
    <unicode-output-sequence>\u0040</unicode-output-sequence>
    <extended-latin-output-sequence />
    <language>*</language>
  </mapping>
  <mapping>
    <character-name>VOWEL_SIGN_U</character-name>
    <input-sequence>Xu</input-sequence>
    <unicode-output-sequence>\u0041</unicode-output-sequence>
    <extended-latin-output-sequence />
    <language>*</language>
  </mapping>
  <mapping>
    <character-name>VOWEL_SIGN_UU</character-name>
    <input-sequence>XU</input-sequence>
    <input-sequence>Xuu</input-sequence>
    <unicode-output-sequence>\u0042</unicode-output-sequence>
    <extended-latin-output-sequence />
    <language>*</language>
  </mapping>
  <mapping>
    <character-name>VOWEL_SIGN_VOCALIC_R</character-name>
    <input-sequence>XR^i</input-sequence>
    <unicode-output-sequence>\u0043</unicode-output-sequence>
    <extended-latin-output-sequence />
    <language>*</language>
  </mapping>
  <mapping>
    <character-name>VOWEL_SIGN_VOCALIC_RR</character-name>
    <input-sequence>XR^I</input-sequence>
    <unicode-output-sequence>\u0044</unicode-output-sequence>
    <extended-latin-output-sequence />
    <language>*</language>
  </mapping>
  <mapping>
    <character-name>VOWEL_SIGN_CANDRA_E</character-name>
    <input-sequence>X^e</input-sequence>
    <unicode-output-sequence>\u0045</unicode-output-sequence>
    <extended-latin-output-sequence />
    <language>*</language>
  </mapping>
  <mapping>
    <character-name>VOWEL_SIGN_E</character-name>
    <input-sequence>Xe</input-sequence>
    <unicode-output-sequence>\u0046</unicode-output-sequence>
    <extended-latin-output-sequence />
    <language>*</language>
  </mapping>
  <mapping>
    <character-name>VOWEL_SIGN_EE</character-name>
    <input-sequence>XE</input-sequence>
    <input-sequence>Xee</input-sequence>
    <unicode-output-sequence>\u0047</unicode-output-sequence>
    <extended-latin-output-sequence />
    <language>*</language>
  </mapping>
  <mapping>
    <character-name>VOWEL_SIGN_AI</character-name>
    <input-sequence>Xai</input-sequence>
    <unicode-output-sequence>\u0048</unicode-output-sequence>
    <extended-latin-output-sequence />
    <language>*</language>
  </mapping>
  <mapping>
    <character-name>VOWEL_SIGN_CANDRA_O</character-name>
    <input-sequence>X^o</input-sequence>
    <unicode-output-sequence>\u0049</unicode-output-sequence>
    <extended-latin-output-sequence />
    <language>*</language>
  </mapping>
  <mapping>
    <character-name>VOWEL_SIGN_O</character-name>
    <input-sequence>Xo</input-sequence>
    <unicode-output-sequence>\u004A</unicode-output-sequence>
    <extended-latin-output-sequence />
    <language>*</language>
  </mapping>
  <mapping>
    <character-name>VOWEL_SIGN_OO</character-name>
    <input-sequence>XO</input-sequence>
    <input-sequence>Xoo</input-sequence>
    <unicode-output-sequence>\u004B</unicode-output-sequence>
    <extended-latin-output-sequence />
    <language>*</language>
  </mapping>
  <mapping>
    <character-name>VOWEL_SIGN_AU</character-name>
    <input-sequence>Xau</input-sequence>
    <unicode-output-sequence>\u004C</unicode-output-sequence>
    <extended-latin-output-sequence />
    <language>*</language>
  </mapping>
  <mapping>
    <character-name>SIGN_VIRAMA</character-name>
    <input-sequence>.h</input-sequence>
    <unicode-output-sequence>\u004D</unicode-output-sequence>
    <extended-latin-output-sequence />
    <language>*</language>
  </mapping>
  <mapping>
    <character-name>LENGTH_MARK</character-name>
    <input-sequence>XAA</input-sequence>
    <unicode-output-sequence>\u0055</unicode-output-sequence>
    <extended-latin-output-sequence />
    <language>*</language>
  </mapping>
  <mapping>
    <character-name>AI_LENGTH_MARK</character-name>
    <input-sequence>XAI</input-sequence>
    <unicode-output-sequence>\u0056</unicode-output-sequence>
    <extended-latin-output-sequence />
    <language>*</language>
  </mapping>
  <mapping>
    <character-name>AU_LENGTH_MARK</character-name>
    <input-sequence>XAU</input-sequence>
    <unicode-output-sequence>\u0057</unicode-output-sequence>
    <extended-latin-output-sequence />
    <language>*</language>
  </mapping>
  <mapping>
    <character-name>LETTER_VOCALIC_RR</character-name>
    <input-sequence>R^I</input-sequence>
    <unicode-output-sequence>\u0060</unicode-output-sequence>
    <extended-latin-output-sequence>ṝ</extended-latin-output-sequence>
    <language>*</language>
  </mapping>
  <mapping>
    <character-name>LETTER_VOCALIC_LL</character-name>
    <input-sequence>L^I</input-sequence>
    <unicode-output-sequence>\u0061</unicode-output-sequence>
    <extended-latin-output-sequence>ḹ</extended-latin-output-sequence>
    <language>*</language>
  </mapping>
  <mapping>
    <character-name>SIGN_VOCALIC_L</character-name>
    <input-sequence>XL^i</input-sequence>
    <unicode-output-sequence>\u0062</unicode-output-sequence>
    <extended-latin-output-sequence />
    <language>*</language>
  </mapping>
  <mapping>
    <character-name>SIGN_VOCALIC_LL</character-name>
    <input-sequence>XL^I</input-sequence>
    <unicode-output-sequence>\u0063</unicode-output-sequence>
    <extended-latin-output-sequence />
    <language>*</language>
  </mapping>
  <mapping>
    <character-name>DIGIT_ZERO</character-name>
    <input-sequence>0</input-sequence>
    <unicode-output-sequence>\u0066</unicode-output-sequence>
    <extended-latin-output-sequence />
    <language>*</language>
  </mapping>
  <mapping>
    <character-name>DIGIT_ONE</character-name>
    <input-sequence>1</input-sequence>
    <unicode-output-sequence>\u0067</unicode-output-sequence>
    <extended-latin-output-sequence />
    <language>*</language>
  </mapping>
  <mapping>
    <character-name>DIGIT_TWO</character-name>
    <input-sequence>2</input-sequence>
    <unicode-output-sequence>\u0068</unicode-output-sequence>
    <extended-latin-output-sequence />
    <language>*</language>
  </mapping>
  <mapping>
    <character-name>DIGIT_THREE</character-name>
    <input-sequence>3</input-sequence>
    <unicode-output-sequence>\u0069</unicode-output-sequence>
    <extended-latin-output-sequence />
    <language>*</language>
  </mapping>
  <mapping>
    <character-name>DIGIT_FOUR</character-name>
    <input-sequence>4</input-sequence>
    <unicode-output-sequence>\u006A</unicode-output-sequence>
    <extended-latin-output-sequence />
    <language>*</language>
  </mapping>
  <mapping>
    <character-name>DIGIT_FIVE</character-name>
    <input-sequence>5</input-sequence>
    <unicode-output-sequence>\u006B</unicode-output-sequence>
    <extended-latin-output-sequence />
    <language>*</language>
  </mapping>
  <mapping>
    <character-name>DIGIT_SIX</character-name>
    <input-sequence>6</input-sequence>
    <unicode-output-sequence>\u006C</unicode-output-sequence>
    <extended-latin-output-sequence />
    <language>*</language>
  </mapping>
  <mapping>
    <character-name>DIGIT_SEVEN</character-name>
    <input-sequence>7</input-sequence>
    <unicode-output-sequence>\u006D</unicode-output-sequence>
    <extended-latin-output-sequence />
    <language>*</language>
  </mapping>
  <mapping>
    <character-name>DIGIT_EIGHT</character-name>
    <input-sequence>8</input-sequence>
    <unicode-output-sequence>\u006E</unicode-output-sequence>
    <extended-latin-output-sequence />
    <language>*</language>
  </mapping>
  <mapping>
    <character-name>DIGIT_NINE</character-name>
    <input-sequence>9</input-sequence>
    <unicode-output-sequence>\u006F</unicode-output-sequence>
    <extended-latin-output-sequence />
    <language>*</language>
  </mapping>
  <mapping>
    <character-name>DOT_ABOVE</character-name>
    <input-sequence>^.</input-sequence>
    <unicode-output-sequence>\u0307</unicode-output-sequence>
    <extended-latin-output-sequence></extended-latin-output-sequence>
    <language>*</language>
  </mapping>
  <mapping>
    <character-name>DOT_BELOW</character-name>
    <input-sequence>_.</input-sequence>
    <unicode-output-sequence>\u0323</unicode-output-sequence>
    <extended-latin-output-sequence></extended-latin-output-sequence>
    <language>*</language>
  </mapping>
  <mapping>
    <character-name>SIGN_OM</character-name>
    <input-sequence>om</input-sequence>
    <input-sequence>AUM</input-sequence>
    <input-sequence>OM</input-sequence>
    <unicode-output-sequence>\u0950</unicode-output-sequence>
    <extended-latin-output-sequence>om</extended-latin-output-sequence>
    <language>*</language>
  </mapping>
  <mapping>
    <character-name>SIGN_SWARITA</character-name>
    <input-sequence>\'</input-sequence>
    <input-sequence>\`</input-sequence>
    <!-- don't print -->
    <unicode-output-sequence>\uFFFF</unicode-output-sequence>
    <!-- unicode-output-sequence>\u0951</unicode-output-sequence -->
    <extended-latin-output-sequence>̍</extended-latin-output-sequence>
    <language>*</language>
  </mapping>
  <mapping>
    <character-name>SIGN_ANUDATTA</character-name>
    <input-sequence>\_</input-sequence>
    <!-- don't print -->
    <unicode-output-sequence>\uFFFF</unicode-output-sequence>
    <!-- unicode-output-sequence>\u0952</unicode-output-sequence -->
    <extended-latin-output-sequence>̱</extended-latin-output-sequence>
    <language>*</language>
  </mapping>
  <mapping>
    <character-name>DEVANAGARI_LETTER_QA</character-name>
    <input-sequence>q</input-sequence>
    <unicode-output-sequence>\u0958</unicode-output-sequence>
    <extended-latin-output-sequence />
    <language>hi</language>
  </mapping>
  <mapping>
    <character-name>DEVANAGARI_LETTER_KHHA</character-name>
    <input-sequence>K</input-sequence>
    <unicode-output-sequence>\u0959</unicode-output-sequence>
    <extended-latin-output-sequence />
    <language>hi</language>
  </mapping>
  <mapping>
    <character-name>DEVANAGARI_LETTER_GHHA</character-name>
    <input-sequence>Gh</input-sequence>
    <unicode-output-sequence>\u095A</unicode-output-sequence>
    <extended-latin-output-sequence />
    <language>hi</language>
  </mapping>
  <mapping>
    <character-name>DEVANAGARI_LETTER_ZA</character-name>
    <input-sequence>J</input-sequence>
    <input-sequence>z</input-sequence>
    <unicode-output-sequence>\u095B</unicode-output-sequence>
    <extended-latin-output-sequence />
    <language>hi</language>
  </mapping>
  <mapping>
    <character-name>DEVANAGARI_LETTER_DDDHA</character-name>
    <input-sequence>.Dh</input-sequence>
    <unicode-output-sequence>\u095C</unicode-output-sequence>
    <extended-latin-output-sequence />
    <language>hi</language>
  </mapping>
  <mapping>
    <character-name>DEVANAGARI_LETTER_RHA</character-name>
    <input-sequence>Rh</input-sequence>
    <unicode-output-sequence>\u095D</unicode-output-sequence>
    <extended-latin-output-sequence />
    <language>hi</language>
  </mapping>
  <mapping>
    <character-name>DEVANAGARI_LETTER_FA</character-name>
    <input-sequence>f</input-sequence>
    <unicode-output-sequence>\u095E</unicode-output-sequence>
    <extended-latin-output-sequence />
    <language>hi</language>
  </mapping>
  <mapping>
    <character-name>DEVANAGARI_LETTER_YYA</character-name>
    <input-sequence>Y</input-sequence>
    <unicode-output-sequence>\u095F</unicode-output-sequence>
    <extended-latin-output-sequence />
    <language>hi</language>
  </mapping>
  <mapping>
    <character-name>SIGN_DANDA</character-name>
    <input-sequence>.</input-sequence>
    <input-sequence>|</input-sequence>
    <unicode-output-sequence>\u0964</unicode-output-sequence>
    <extended-latin-output-sequence>|</extended-latin-output-sequence>
    <language>*</language>
  </mapping>
  <mapping>
    <character-name>SIGN_DOUBLE_DANDA</character-name>
    <input-sequence>..</input-sequence>
    <input-sequence>||</input-sequence>
    <unicode-output-sequence>\u0965</unicode-output-sequence>
    <extended-latin-output-sequence>||</extended-latin-output-sequence>
    <language>*</language>
  </mapping>
  <mapping>
    <character-name>VEDIC_TONE_DOUBLE_SVARITA</character-name>
    <input-sequence>\"</input-sequence>
    <input-sequence>\''</input-sequence>
    <input-sequence>\'`</input-sequence>
    <input-sequence>\`'</input-sequence>
    <input-sequence>\``</input-sequence>
    <!-- don't print -->
    <unicode-output-sequence>\uFFFF</unicode-output-sequence>
    <!-- unicode-output-sequence>\u1CDA</unicode-output-sequence -->
    <extended-latin-output-sequence />
    <language>*</language>
  </mapping>
</TransliterationMap>
