<?xml version="1.0" encoding="utf-8"?>
<?xml-stylesheet type="text/xsl" href="gumpad.xsl"?>
<!--
	Copyright © 2007-2010 Pradyumna Revur. All rights reserved.
	   
	Default transliteration map for GumPad (http://www.gumpad.org/)

	This configuration file describes mappings of English language 
	character sequences to Indian language character sequences.
	It contains the complete set of supported character-names in
	the version identified by the schema-revision attribute.
	   
	To create a custom map, change the input sequence attribute corresponding to
	the character-name that you would like the sequence to represent. You
	may map multiple English character input sequences to a single Indian character
	output sequence.
	   
	The transliteration-scheme-name and contributor-name attributes are for
	display and identificaton purposes only and do not affect transliteration.

	Remember to save this file using UTF-8 encoding.
	   
	See also itrans.map that is included with GumPad and contains
  mappings based on ITRANS http://www.aczoom.com/itrans/.
-->
<TransliterationMap xmlns:xsi="http://www.w3.org/2001/XMLSchema-instance" xmlns:xsd="http://www.w3.org/2001/XMLSchema" schema-revision="2.0" transliteration-scheme-name="Default" contributor-name="GumPad built-in conversion map">
  <mapping>
    <character-name>SIGN_CANDRABINDU</character-name>
    <input-sequence>.N</input-sequence>
    <unicode-output-sequence>\u0001</unicode-output-sequence>
    <extended-latin-output-sequence>à</extended-latin-output-sequence>
    <language>*</language>
  </mapping>
  <mapping>
    <character-name>SIGN_ANUSVARA</character-name>
    <input-sequence>.n</input-sequence>
    <input-sequence>M</input-sequence>
    <unicode-output-sequence>\u0002</unicode-output-sequence>
    <extended-latin-output-sequence>ṁ</extended-latin-output-sequence>
    <language>*</language>
  </mapping>
  <mapping>
    <character-name>SIGN_VISARGA</character-name>
    <input-sequence>H</input-sequence>
    <unicode-output-sequence>\u0003</unicode-output-sequence>
    <extended-latin-output-sequence>ḥ</extended-latin-output-sequence>
    <language>*</language>
  </mapping>
  <mapping>
    <character-name>LETTER_SHORT_A</character-name>
    <input-sequence>^a</input-sequence>
    <unicode-output-sequence>\u0004</unicode-output-sequence>
    <extended-latin-output-sequence />
    <language>*</language>
  </mapping>
  <mapping>
    <character-name>LETTER_A</character-name>
    <input-sequence>a</input-sequence>
    <unicode-output-sequence>\u0005</unicode-output-sequence>
    <extended-latin-output-sequence>a</extended-latin-output-sequence>
    <language>*</language>
  </mapping>
  <mapping>
    <character-name>LETTER_AA</character-name>
    <input-sequence>A</input-sequence>
    <input-sequence>aa</input-sequence>
    <unicode-output-sequence>\u0006</unicode-output-sequence>
    <extended-latin-output-sequence>ā</extended-latin-output-sequence>
    <language>*</language>
  </mapping>
  <mapping>
    <character-name>LETTER_I</character-name>
    <input-sequence>i</input-sequence>
    <unicode-output-sequence>\u0007</unicode-output-sequence>
    <extended-latin-output-sequence>i</extended-latin-output-sequence>
    <language>*</language>
  </mapping>
  <mapping>
    <character-name>LETTER_II</character-name>
    <input-sequence>I</input-sequence>
    <input-sequence>ii</input-sequence>
    <unicode-output-sequence>\u0008</unicode-output-sequence>
    <extended-latin-output-sequence>ī</extended-latin-output-sequence>
    <language>*</language>
  </mapping>
  <mapping>
    <character-name>LETTER_U</character-name>
    <input-sequence>u</input-sequence>
    <unicode-output-sequence>\u0009</unicode-output-sequence>
    <extended-latin-output-sequence>u</extended-latin-output-sequence>
    <language>*</language>
  </mapping>
  <mapping>
    <character-name>LETTER_UU</character-name>
    <input-sequence>U</input-sequence>
    <input-sequence>uu</input-sequence>
    <unicode-output-sequence>\u000A</unicode-output-sequence>
    <extended-latin-output-sequence>ū</extended-latin-output-sequence>
    <language>*</language>
  </mapping>
  <mapping>
    <character-name>LETTER_VOCALIC_R</character-name>
    <input-sequence>R^i</input-sequence>
    <unicode-output-sequence>\u000B</unicode-output-sequence>
    <extended-latin-output-sequence>ṛ</extended-latin-output-sequence>
    <language>*</language>
  </mapping>
  <mapping>
    <character-name>LETTER_VOCALIC_L</character-name>
    <input-sequence>L^i</input-sequence>
    <unicode-output-sequence>\u000C</unicode-output-sequence>
    <extended-latin-output-sequence>ḷ</extended-latin-output-sequence>
    <language>*</language>
  </mapping>
  <mapping>
    <character-name>LETTER_CANDRA_E</character-name>
    <input-sequence>^e</input-sequence>
    <unicode-output-sequence>\u000D</unicode-output-sequence>
    <extended-latin-output-sequence />
    <language>*</language>
  </mapping>
  <mapping>
    <character-name>LETTER_E</character-name>
    <input-sequence>e</input-sequence>
    <unicode-output-sequence>\u000E</unicode-output-sequence>
    <extended-latin-output-sequence>e</extended-latin-output-sequence>
    <language>*</language>
  </mapping>
  <mapping>
    <character-name>LETTER_EE</character-name>
    <input-sequence>E</input-sequence>
    <input-sequence>ee</input-sequence>
    <unicode-output-sequence>\u000F</unicode-output-sequence>
    <extended-latin-output-sequence>ē</extended-latin-output-sequence>
    <language>*</language>
  </mapping>
  <mapping>
    <character-name>LETTER_AI</character-name>
    <input-sequence>ai</input-sequence>
    <unicode-output-sequence>\u0010</unicode-output-sequence>
    <extended-latin-output-sequence>ai</extended-latin-output-sequence>
    <language>*</language>
  </mapping>
  <mapping>
    <character-name>LETTER_CANDRA_O</character-name>
    <input-sequence>^o</input-sequence>
    <unicode-output-sequence>\u0011</unicode-output-sequence>
    <extended-latin-output-sequence />
    <language>*</language>
  </mapping>
  <mapping>
    <character-name>LETTER_O</character-name>
    <input-sequence>o</input-sequence>
    <unicode-output-sequence>\u0012</unicode-output-sequence>
    <extended-latin-output-sequence>o</extended-latin-output-sequence>
    <language>*</language>
  </mapping>
  <mapping>
    <character-name>LETTER_OO</character-name>
    <input-sequence>O</input-sequence>
    <input-sequence>oo</input-sequence>
    <unicode-output-sequence>\u0013</unicode-output-sequence>
    <extended-latin-output-sequence>ō</extended-latin-output-sequence>
    <language>*</language>
  </mapping>
  <mapping>
    <character-name>LETTER_AU</character-name>
    <input-sequence>au</input-sequence>
    <unicode-output-sequence>\u0014</unicode-output-sequence>
    <extended-latin-output-sequence>au</extended-latin-output-sequence>
    <language>*</language>
  </mapping>
  <mapping>
    <character-name>LETTER_KA</character-name>
    <input-sequence>k</input-sequence>
    <unicode-output-sequence>\u0015</unicode-output-sequence>
    <extended-latin-output-sequence>k</extended-latin-output-sequence>
    <language>*</language>
  </mapping>
  <mapping>
    <character-name>CONJUNCT_KKA</character-name>
    <input-sequence>kk</input-sequence>
    <unicode-output-sequence>\u0015\u0015</unicode-output-sequence>
    <extended-latin-output-sequence />
    <language>hi</language>
  </mapping>
  <mapping>
    <character-name>CONJUNCT_KSHA</character-name>
    <input-sequence>kSh</input-sequence>
    <input-sequence>x</input-sequence>
    <unicode-output-sequence>\u0015\u004D\u0037</unicode-output-sequence>
    <extended-latin-output-sequence />
    <language>*</language>
  </mapping>
  <mapping>
    <character-name>LETTER_KHA</character-name>
    <input-sequence>kh</input-sequence>
    <unicode-output-sequence>\u0016</unicode-output-sequence>
    <extended-latin-output-sequence>kh</extended-latin-output-sequence>
    <language>*</language>
  </mapping>
  <mapping>
    <character-name>LETTER_GA</character-name>
    <input-sequence>g</input-sequence>
    <unicode-output-sequence>\u0017</unicode-output-sequence>
    <extended-latin-output-sequence>g</extended-latin-output-sequence>
    <language>*</language>
  </mapping>
  <mapping>
    <character-name>CONJUNCT_GUM</character-name>
    <input-sequence>ga.N</input-sequence>
    <unicode-output-sequence>\u0017\u0002</unicode-output-sequence>
    <extended-latin-output-sequence />
    <language>hi</language>
  </mapping>
  <mapping>
    <character-name>LETTER_GHA</character-name>
    <input-sequence>gh</input-sequence>
    <unicode-output-sequence>\u0018</unicode-output-sequence>
    <extended-latin-output-sequence>gh</extended-latin-output-sequence>
    <language>*</language>
  </mapping>
  <mapping>
    <character-name>LETTER_NGA</character-name>
    <input-sequence>~N</input-sequence>
    <input-sequence>N^</input-sequence>
    <unicode-output-sequence>\u0019</unicode-output-sequence>
    <extended-latin-output-sequence>ṅ</extended-latin-output-sequence>
    <language>*</language>
  </mapping>
  <mapping>
    <character-name>LETTER_CA</character-name>
    <input-sequence>ch</input-sequence>
    <unicode-output-sequence>\u001A</unicode-output-sequence>
    <extended-latin-output-sequence>c</extended-latin-output-sequence>
    <language>*</language>
  </mapping>
  <mapping>
    <character-name>LETTER_CHA</character-name>
    <input-sequence>chh</input-sequence>
    <unicode-output-sequence>\u001B</unicode-output-sequence>
    <extended-latin-output-sequence>ch</extended-latin-output-sequence>
    <language>*</language>
  </mapping>
  <mapping>
    <character-name>LETTER_JA</character-name>
    <input-sequence>j</input-sequence>
    <unicode-output-sequence>\u001C</unicode-output-sequence>
    <extended-latin-output-sequence>j</extended-latin-output-sequence>
    <language>*</language>
  </mapping>
  <mapping>
    <character-name>CONJUNCT_GYA</character-name>
    <input-sequence>GY</input-sequence>
    <input-sequence>j~n</input-sequence>
    <unicode-output-sequence>\u001C\u004D\u001E</unicode-output-sequence>
    <extended-latin-output-sequence />
    <language>hi</language>
  </mapping>
  <mapping>
    <character-name>LETTER_JHA</character-name>
    <input-sequence>jh</input-sequence>
    <unicode-output-sequence>\u001D</unicode-output-sequence>
    <extended-latin-output-sequence>jh</extended-latin-output-sequence>
    <language>*</language>
  </mapping>
  <mapping>
    <character-name>LETTER_NYA</character-name>
    <input-sequence>~n</input-sequence>
    <input-sequence>JN</input-sequence>
    <unicode-output-sequence>\u001E</unicode-output-sequence>
    <extended-latin-output-sequence>ñ</extended-latin-output-sequence>
    <language>*</language>
  </mapping>
  <mapping>
    <character-name>LETTER_TTA</character-name>
    <input-sequence>T</input-sequence>
    <unicode-output-sequence>\u001F</unicode-output-sequence>
    <extended-latin-output-sequence>ṭ</extended-latin-output-sequence>
    <language>*</language>
  </mapping>
  <mapping>
    <character-name>LETTER_TTHA</character-name>
    <input-sequence>Th</input-sequence>
    <unicode-output-sequence>\u0020</unicode-output-sequence>
    <extended-latin-output-sequence>ṭh</extended-latin-output-sequence>
    <language>*</language>
  </mapping>
  <mapping>
    <character-name>LETTER_DDA</character-name>
    <input-sequence>D</input-sequence>
    <unicode-output-sequence>\u0021</unicode-output-sequence>
    <extended-latin-output-sequence>ḍ</extended-latin-output-sequence>
    <language>*</language>
  </mapping>
  <mapping>
    <character-name>LETTER_DDHA</character-name>
    <input-sequence>Dh</input-sequence>
    <unicode-output-sequence>\u0022</unicode-output-sequence>
    <extended-latin-output-sequence>ḍh</extended-latin-output-sequence>
    <language>*</language>
  </mapping>
  <mapping>
    <character-name>LETTER_NNA</character-name>
    <input-sequence>N</input-sequence>
    <unicode-output-sequence>\u0023</unicode-output-sequence>
    <extended-latin-output-sequence>ṇ</extended-latin-output-sequence>
    <language>*</language>
  </mapping>
  <mapping>
    <character-name>LETTER_TA</character-name>
    <input-sequence>t</input-sequence>
    <unicode-output-sequence>\u0024</unicode-output-sequence>
    <extended-latin-output-sequence>t</extended-latin-output-sequence>
    <language>*</language>
  </mapping>
  <mapping>
    <character-name>LETTER_THA</character-name>
    <input-sequence>th</input-sequence>
    <unicode-output-sequence>\u0025</unicode-output-sequence>
    <extended-latin-output-sequence>th</extended-latin-output-sequence>
    <language>*</language>
  </mapping>
  <mapping>
    <character-name>LETTER_DA</character-name>
    <input-sequence>d</input-sequence>
    <unicode-output-sequence>\u0026</unicode-output-sequence>
    <extended-latin-output-sequence>d</extended-latin-output-sequence>
    <language>*</language>
  </mapping>
  <mapping>
    <character-name>LETTER_DHA</character-name>
    <input-sequence>dh</input-sequence>
    <unicode-output-sequence>\u0027</unicode-output-sequence>
    <extended-latin-output-sequence>dh</extended-latin-output-sequence>
    <language>*</language>
  </mapping>
  <mapping>
    <character-name>LETTER_NA</character-name>
    <input-sequence>n</input-sequence>
    <unicode-output-sequence>\u0028</unicode-output-sequence>
    <extended-latin-output-sequence>n</extended-latin-output-sequence>
    <language>*</language>
  </mapping>
  <mapping>
    <character-name>LETTER_NNNA</character-name>
    <input-sequence>N.</input-sequence>
    <unicode-output-sequence>\u0029</unicode-output-sequence>
    <extended-latin-output-sequence />
    <language>*</language>
  </mapping>
  <mapping>
    <character-name>LETTER_PA</character-name>
    <input-sequence>p</input-sequence>
    <unicode-output-sequence>\u002A</unicode-output-sequence>
    <extended-latin-output-sequence>p</extended-latin-output-sequence>
    <language>*</language>
  </mapping>
  <mapping>
    <character-name>LETTER_PHA</character-name>
    <input-sequence>ph</input-sequence>
    <unicode-output-sequence>\u002B</unicode-output-sequence>
    <extended-latin-output-sequence>ph</extended-latin-output-sequence>
    <language>*</language>
  </mapping>
  <mapping>
    <character-name>LETTER_BA</character-name>
    <input-sequence>b</input-sequence>
    <unicode-output-sequence>\u002C</unicode-output-sequence>
    <extended-latin-output-sequence>b</extended-latin-output-sequence>
    <language>*</language>
  </mapping>
  <mapping>
    <character-name>LETTER_BHA</character-name>
    <input-sequence>bh</input-sequence>
    <unicode-output-sequence>\u002D</unicode-output-sequence>
    <extended-latin-output-sequence>bh</extended-latin-output-sequence>
    <language>*</language>
  </mapping>
  <mapping>
    <character-name>LETTER_MA</character-name>
    <input-sequence>m</input-sequence>
    <unicode-output-sequence>\u002E</unicode-output-sequence>
    <extended-latin-output-sequence>m</extended-latin-output-sequence>
    <language>*</language>
  </mapping>
  <mapping>
    <character-name>LETTER_YA</character-name>
    <input-sequence>y</input-sequence>
    <unicode-output-sequence>\u002F</unicode-output-sequence>
    <extended-latin-output-sequence>y</extended-latin-output-sequence>
    <language>*</language>
  </mapping>
  <mapping>
    <character-name>LETTER_RA</character-name>
    <input-sequence>r</input-sequence>
    <unicode-output-sequence>\u0030</unicode-output-sequence>
    <extended-latin-output-sequence>r</extended-latin-output-sequence>
    <language>*</language>
  </mapping>
  <mapping>
    <character-name>LETTER_EYELASH_RA</character-name>
    <input-sequence>^R</input-sequence>
    <unicode-output-sequence>\u0030\u004D\u200D</unicode-output-sequence>
    <extended-latin-output-sequence />
    <language>hi</language>
  </mapping>
  <mapping>
    <character-name>LETTER_RRA</character-name>
    <input-sequence>R</input-sequence>
    <unicode-output-sequence>\u0031</unicode-output-sequence>
    <extended-latin-output-sequence />
    <language>*</language>
  </mapping>
  <mapping>
    <character-name>LETTER_LA</character-name>
    <input-sequence>l</input-sequence>
    <unicode-output-sequence>\u0032</unicode-output-sequence>
    <extended-latin-output-sequence>l</extended-latin-output-sequence>
    <language>*</language>
  </mapping>
  <mapping>
    <character-name>LETTER_LLA</character-name>
    <input-sequence>L</input-sequence>
    <unicode-output-sequence>\u0033</unicode-output-sequence>
    <extended-latin-output-sequence>ḻ</extended-latin-output-sequence>
    <language>*</language>
  </mapping>
  <mapping>
    <character-name>LETTER_LLLA</character-name>
    <input-sequence>.L</input-sequence>
    <unicode-output-sequence>\u0034</unicode-output-sequence>
    <extended-latin-output-sequence />
    <language>*</language>
  </mapping>
  <mapping>
    <character-name>LETTER_VA</character-name>
    <input-sequence>v</input-sequence>
    <input-sequence>w</input-sequence>
    <unicode-output-sequence>\u0035</unicode-output-sequence>
    <extended-latin-output-sequence>v</extended-latin-output-sequence>
    <language>*</language>
  </mapping>
  <mapping>
    <character-name>LETTER_SHA</character-name>
    <input-sequence>sh</input-sequence>
    <unicode-output-sequence>\u0036</unicode-output-sequence>
    <extended-latin-output-sequence>ś</extended-latin-output-sequence>
    <language>*</language>
  </mapping>
  <mapping>
    <character-name>LETTER_SSA</character-name>
    <input-sequence>Sh</input-sequence>
    <input-sequence>shh</input-sequence>
    <unicode-output-sequence>\u0037</unicode-output-sequence>
    <extended-latin-output-sequence>ṣ</extended-latin-output-sequence>
    <language>*</language>
  </mapping>
  <mapping>
    <character-name>LETTER_SA</character-name>
    <input-sequence>s</input-sequence>
    <unicode-output-sequence>\u0038</unicode-output-sequence>
    <extended-latin-output-sequence>s</extended-latin-output-sequence>
    <language>*</language>
  </mapping>
  <mapping>
    <character-name>LETTER_HA</character-name>
    <input-sequence>h</input-sequence>
    <unicode-output-sequence>\u0039</unicode-output-sequence>
    <extended-latin-output-sequence>h</extended-latin-output-sequence>
    <language>*</language>
  </mapping>
  <mapping>
    <character-name>SIGN_NUKTA</character-name>
    <input-sequence>^n</input-sequence>
    <unicode-output-sequence>\u003C</unicode-output-sequence>
    <extended-latin-output-sequence />
    <language>*</language>
  </mapping>
  <mapping>
    <character-name>SIGN_AVAGRAHA</character-name>
    <input-sequence>.a</input-sequence>
    <unicode-output-sequence>\u003D</unicode-output-sequence>
    <extended-latin-output-sequence>'</extended-latin-output-sequence>
    <language>*</language>
  </mapping>
  <mapping>
    <character-name>VOWEL_SIGN_AA</character-name>
    <input-sequence>XA</input-sequence>
    <input-sequence>Xaa</input-sequence>
    <unicode-output-sequence>\u003E</unicode-output-sequence>
    <extended-latin-output-sequence />
    <language>*</language>
  </mapping>
  <mapping>
    <character-name>VOWEL_SIGN_I</character-name>
    <input-sequence>Xi</input-sequence>
    <unicode-output-sequence>\u003F</unicode-output-sequence>
    <extended-latin-output-sequence />
    <language>*</language>
  </mapping>
  <mapping>
    <character-name>VOWEL_SIGN_II</character-name>
    <input-sequence>XI</input-sequence>
    <input-sequence>Xii</input-sequence>
    <unicode-output-sequence>\u0040</unicode-output-sequence>
    <extended-latin-output-sequence />
    <language>*</language>
  </mapping>
  <mapping>
    <character-name>VOWEL_SIGN_U</character-name>
    <input-sequence>Xu</input-sequence>
    <unicode-output-sequence>\u0041</unicode-output-sequence>
    <extended-latin-output-sequence />
    <language>*</language>
  </mapping>
  <mapping>
    <character-name>VOWEL_SIGN_UU</character-name>
    <input-sequence>XU</input-sequence>
    <input-sequence>Xuu</input-sequence>
    <unicode-output-sequence>\u0042</unicode-output-sequence>
    <extended-latin-output-sequence />
    <language>*</language>
  </mapping>
  <mapping>
    <character-name>VOWEL_SIGN_VOCALIC_R</character-name>
    <input-sequence>XR^i</input-sequence>
    <unicode-output-sequence>\u0043</unicode-output-sequence>
    <extended-latin-output-sequence />
    <language>*</language>
  </mapping>
  <mapping>
    <character-name>VOWEL_SIGN_VOCALIC_RR</character-name>
    <input-sequence>XR^I</input-sequence>
    <unicode-output-sequence>\u0044</unicode-output-sequence>
    <extended-latin-output-sequence />
    <language>*</language>
  </mapping>
  <mapping>
    <character-name>VOWEL_SIGN_CANDRA_E</character-name>
    <input-sequence>X^e</input-sequence>
    <unicode-output-sequence>\u0045</unicode-output-sequence>
    <extended-latin-output-sequence />
    <language>*</language>
  </mapping>
  <mapping>
    <character-name>VOWEL_SIGN_E</character-name>
    <input-sequence>Xe</input-sequence>
    <unicode-output-sequence>\u0046</unicode-output-sequence>
    <extended-latin-output-sequence />
    <language>*</language>
  </mapping>
  <mapping>
    <character-name>VOWEL_SIGN_EE</character-name>
    <input-sequence>XE</input-sequence>
    <input-sequence>Xee</input-sequence>
    <unicode-output-sequence>\u0047</unicode-output-sequence>
    <extended-latin-output-sequence />
    <language>*</language>
  </mapping>
  <mapping>
    <character-name>VOWEL_SIGN_AI</character-name>
    <input-sequence>Xai</input-sequence>
    <unicode-output-sequence>\u0048</unicode-output-sequence>
    <extended-latin-output-sequence />
    <language>*</language>
  </mapping>
  <mapping>
    <character-name>VOWEL_SIGN_CANDRA_O</character-name>
    <input-sequence>X^o</input-sequence>
    <unicode-output-sequence>\u0049</unicode-output-sequence>
    <extended-latin-output-sequence />
    <language>*</language>
  </mapping>
  <mapping>
    <character-name>VOWEL_SIGN_O</character-name>
    <input-sequence>Xo</input-sequence>
    <unicode-output-sequence>\u004A</unicode-output-sequence>
    <extended-latin-output-sequence />
    <language>*</language>
  </mapping>
  <mapping>
    <character-name>VOWEL_SIGN_OO</character-name>
    <input-sequence>XO</input-sequence>
    <input-sequence>Xoo</input-sequence>
    <unicode-output-sequence>\u004B</unicode-output-sequence>
    <extended-latin-output-sequence />
    <language>*</language>
  </mapping>
  <mapping>
    <character-name>VOWEL_SIGN_AU</character-name>
    <input-sequence>Xau</input-sequence>
    <unicode-output-sequence>\u004C</unicode-output-sequence>
    <extended-latin-output-sequence />
    <language>*</language>
  </mapping>
  <mapping>
    <character-name>SIGN_VIRAMA</character-name>
    <input-sequence>.h</input-sequence>
    <unicode-output-sequence>\u004D</unicode-output-sequence>
    <extended-latin-output-sequence />
    <language>*</language>
  </mapping>
  <mapping>
    <character-name>SIGN_GRAVE_ACCENT</character-name>
    <input-sequence>.r</input-sequence>
    <unicode-output-sequence>\u0053</unicode-output-sequence>
    <extended-latin-output-sequence />
    <language>*</language>
  </mapping>
  <mapping>
    <character-name>SIGN_ACUTE_ACCENT</character-name>
    <input-sequence>.e</input-sequence>
    <unicode-output-sequence>\u0054</unicode-output-sequence>
    <extended-latin-output-sequence />
    <language>*</language>
  </mapping>
  <mapping>
    <character-name>LENGTH_MARK</character-name>
    <input-sequence>XAA</input-sequence>
    <unicode-output-sequence>\u0055</unicode-output-sequence>
    <extended-latin-output-sequence />
    <language>*</language>
  </mapping>
  <mapping>
    <character-name>AI_LENGTH_MARK</character-name>
    <input-sequence>XAI</input-sequence>
    <unicode-output-sequence>\u0056</unicode-output-sequence>
    <extended-latin-output-sequence />
    <language>*</language>
  </mapping>
  <mapping>
    <character-name>AU_LENGTH_MARK</character-name>
    <input-sequence>XAU</input-sequence>
    <unicode-output-sequence>\u0057</unicode-output-sequence>
    <extended-latin-output-sequence />
    <language>*</language>
  </mapping>
  <mapping>
    <character-name>LETTER_VOCALIC_RR</character-name>
    <input-sequence>R^I</input-sequence>
    <unicode-output-sequence>\u0060</unicode-output-sequence>
    <extended-latin-output-sequence>ṝ</extended-latin-output-sequence>
    <language>*</language>
  </mapping>
  <mapping>
    <character-name>LETTER_VOCALIC_LL</character-name>
    <input-sequence>L^I</input-sequence>
    <unicode-output-sequence>\u0061</unicode-output-sequence>
    <extended-latin-output-sequence>ḹ</extended-latin-output-sequence>
    <language>*</language>
  </mapping>
  <mapping>
    <character-name>SIGN_VOCALIC_L</character-name>
    <input-sequence>XL^i</input-sequence>
    <unicode-output-sequence>\u0062</unicode-output-sequence>
    <extended-latin-output-sequence />
    <language>*</language>
  </mapping>
  <mapping>
    <character-name>SIGN_VOCALIC_LL</character-name>
    <input-sequence>XL^I</input-sequence>
    <unicode-output-sequence>\u0063</unicode-output-sequence>
    <extended-latin-output-sequence />
    <language>*</language>
  </mapping>
  <mapping>
    <character-name>DIGIT_ZERO</character-name>
    <input-sequence>0</input-sequence>
    <unicode-output-sequence>\u0066</unicode-output-sequence>
    <extended-latin-output-sequence />
    <language>*</language>
  </mapping>
  <mapping>
    <character-name>DIGIT_ONE</character-name>
    <input-sequence>1</input-sequence>
    <unicode-output-sequence>\u0067</unicode-output-sequence>
    <extended-latin-output-sequence />
    <language>*</language>
  </mapping>
  <mapping>
    <character-name>DIGIT_TWO</character-name>
    <input-sequence>2</input-sequence>
    <unicode-output-sequence>\u0068</unicode-output-sequence>
    <extended-latin-output-sequence />
    <language>*</language>
  </mapping>
  <mapping>
    <character-name>DIGIT_THREE</character-name>
    <input-sequence>3</input-sequence>
    <unicode-output-sequence>\u0069</unicode-output-sequence>
    <extended-latin-output-sequence />
    <language>*</language>
  </mapping>
  <mapping>
    <character-name>DIGIT_FOUR</character-name>
    <input-sequence>4</input-sequence>
    <unicode-output-sequence>\u006A</unicode-output-sequence>
    <extended-latin-output-sequence />
    <language>*</language>
  </mapping>
  <mapping>
    <character-name>DIGIT_FIVE</character-name>
    <input-sequence>5</input-sequence>
    <unicode-output-sequence>\u006B</unicode-output-sequence>
    <extended-latin-output-sequence />
    <language>*</language>
  </mapping>
  <mapping>
    <character-name>DIGIT_SIX</character-name>
    <input-sequence>6</input-sequence>
    <unicode-output-sequence>\u006C</unicode-output-sequence>
    <extended-latin-output-sequence />
    <language>*</language>
  </mapping>
  <mapping>
    <character-name>DIGIT_SEVEN</character-name>
    <input-sequence>7</input-sequence>
    <unicode-output-sequence>\u006D</unicode-output-sequence>
    <extended-latin-output-sequence />
    <language>*</language>
  </mapping>
  <mapping>
    <character-name>DIGIT_EIGHT</character-name>
    <input-sequence>8</input-sequence>
    <unicode-output-sequence>\u006E</unicode-output-sequence>
    <extended-latin-output-sequence />
    <language>*</language>
  </mapping>
  <mapping>
    <character-name>DIGIT_NINE</character-name>
    <input-sequence>9</input-sequence>
    <unicode-output-sequence>\u006F</unicode-output-sequence>
    <extended-latin-output-sequence />
    <language>*</language>
  </mapping>
  <mapping>
    <character-name>DOT_ABOVE</character-name>
    <input-sequence>^.</input-sequence>
    <unicode-output-sequence>\u0307</unicode-output-sequence>
    <extended-latin-output-sequence></extended-latin-output-sequence>
    <language>*</language>
  </mapping>
  <mapping>
    <character-name>DOT_BELOW</character-name>
    <input-sequence>_.</input-sequence>
    <unicode-output-sequence>\u0323</unicode-output-sequence>
    <extended-latin-output-sequence></extended-latin-output-sequence>
    <language>*</language>
  </mapping>
  <mapping>
    <character-name>SIGN_DEERGHA_SWARITA</character-name>
    <input-sequence>\"</input-sequence>
    <unicode-output-sequence>\u030E</unicode-output-sequence>
    <extended-latin-output-sequence>"</extended-latin-output-sequence>
    <language>*</language>
  </mapping>
  <mapping>
    <character-name>SIGN_OM</character-name>
    <input-sequence>AUM</input-sequence>
    <input-sequence>OM</input-sequence>
    <unicode-output-sequence>\u0950</unicode-output-sequence>
    <extended-latin-output-sequence>om</extended-latin-output-sequence>
    <language>*</language>
  </mapping>
  <mapping>
    <character-name>DEVANAGARI_SIGN_OM</character-name>
    <input-sequence>om</input-sequence>
    <unicode-output-sequence>\u0950</unicode-output-sequence>
    <extended-latin-output-sequence>aum</extended-latin-output-sequence>
    <language>hi</language>
  </mapping>
  <mapping>
    <character-name>SIGN_SWARITA</character-name>
    <input-sequence>\'</input-sequence>
    <unicode-output-sequence>\u0951</unicode-output-sequence>
    <extended-latin-output-sequence>̍</extended-latin-output-sequence>
    <language>*</language>
  </mapping>
  <mapping>
    <character-name>SIGN_ANUDATTA</character-name>
    <input-sequence>\_</input-sequence>
    <unicode-output-sequence>\u0952</unicode-output-sequence>
    <extended-latin-output-sequence>̱</extended-latin-output-sequence>
    <language>*</language>
  </mapping>
  <mapping>
    <character-name>DEVANAGARI_LETTER_QA</character-name>
    <input-sequence>q</input-sequence>
    <unicode-output-sequence>\u0958</unicode-output-sequence>
    <extended-latin-output-sequence />
    <language>hi</language>
  </mapping>
  <mapping>
    <character-name>DEVANAGARI_LETTER_KHHA</character-name>
    <input-sequence>K</input-sequence>
    <unicode-output-sequence>\u0959</unicode-output-sequence>
    <extended-latin-output-sequence />
    <language>hi</language>
  </mapping>
  <mapping>
    <character-name>DEVANAGARI_LETTER_GHHA</character-name>
    <input-sequence>Gh</input-sequence>
    <unicode-output-sequence>\u095A</unicode-output-sequence>
    <extended-latin-output-sequence />
    <language>hi</language>
  </mapping>
  <mapping>
    <character-name>DEVANAGARI_LETTER_ZA</character-name>
    <input-sequence>J</input-sequence>
    <input-sequence>z</input-sequence>
    <unicode-output-sequence>\u095B</unicode-output-sequence>
    <extended-latin-output-sequence />
    <language>hi</language>
  </mapping>
  <mapping>
    <character-name>DEVANAGARI_LETTER_DDDHA</character-name>
    <input-sequence>.Dh</input-sequence>
    <unicode-output-sequence>\u095C</unicode-output-sequence>
    <extended-latin-output-sequence />
    <language>hi</language>
  </mapping>
  <mapping>
    <character-name>DEVANAGARI_LETTER_RHA</character-name>
    <input-sequence>Rh</input-sequence>
    <unicode-output-sequence>\u095D</unicode-output-sequence>
    <extended-latin-output-sequence />
    <language>hi</language>
  </mapping>
  <mapping>
    <character-name>DEVANAGARI_LETTER_FA</character-name>
    <input-sequence>f</input-sequence>
    <unicode-output-sequence>\u095E</unicode-output-sequence>
    <extended-latin-output-sequence />
    <language>hi</language>
  </mapping>
  <mapping>
    <character-name>DEVANAGARI_LETTER_YYA</character-name>
    <input-sequence>Y</input-sequence>
    <unicode-output-sequence>\u095F</unicode-output-sequence>
    <extended-latin-output-sequence />
    <language>hi</language>
  </mapping>
  <mapping>
    <character-name>SIGN_DANDA</character-name>
    <input-sequence>|</input-sequence>
    <unicode-output-sequence>\u0964</unicode-output-sequence>
    <extended-latin-output-sequence>|</extended-latin-output-sequence>
    <language>*</language>
  </mapping>
  <mapping>
    <character-name>SIGN_DOUBLE_DANDA</character-name>
    <input-sequence>||</input-sequence>
    <unicode-output-sequence>\u0965</unicode-output-sequence>
    <extended-latin-output-sequence>||</extended-latin-output-sequence>
    <language>*</language>
  </mapping>
  <mapping>
    <character-name>DEVANAGARI_ABBREVIATION_SIGN</character-name>
    <input-sequence>\.</input-sequence>
    <unicode-output-sequence>\u0970</unicode-output-sequence>
    <extended-latin-output-sequence />
    <language>hi</language>
  </mapping>
  <mapping>
    <character-name>DEVANAGARI_SIGN_HIGH_SPACING_DOT</character-name>
    <input-sequence>\^.</input-sequence>
    <unicode-output-sequence>\u0971</unicode-output-sequence>
    <extended-latin-output-sequence />
    <language>hi</language>
  </mapping>
  <mapping>
    <character-name>DEVANAGARI_LETTER_CANDRA_A</character-name>
    <input-sequence>^.a</input-sequence>
    <unicode-output-sequence>\u0972</unicode-output-sequence>
    <extended-latin-output-sequence />
    <language>hi</language>
  </mapping>
  <mapping>
    <character-name>DEVANAGARI_LETTER_GGA</character-name>
    <input-sequence>G</input-sequence>
    <unicode-output-sequence>\u097B</unicode-output-sequence>
    <extended-latin-output-sequence />
    <language>hi</language>
  </mapping>
  <mapping>
    <character-name>DEVANAGARI_LETTER_JJA</character-name>
    <input-sequence>.J</input-sequence>
    <unicode-output-sequence>\u097C</unicode-output-sequence>
    <extended-latin-output-sequence />
    <language>hi</language>
  </mapping>
  <mapping>
    <character-name>DEVANAGARI_LETTER_GLOTTAL_STOP</character-name>
    <input-sequence>.G</input-sequence>
    <unicode-output-sequence>\u097D</unicode-output-sequence>
    <extended-latin-output-sequence />
    <language>hi</language>
  </mapping>
  <mapping>
    <character-name>DEVANAGARI_LETTER_DDDA</character-name>
    <input-sequence>.D</input-sequence>
    <unicode-output-sequence>\u097E</unicode-output-sequence>
    <extended-latin-output-sequence />
    <language>hi</language>
  </mapping>
  <mapping>
    <character-name>DEVANAGARI_LETTER_BBA</character-name>
    <input-sequence>B</input-sequence>
    <unicode-output-sequence>\u097F</unicode-output-sequence>
    <extended-latin-output-sequence />
    <language>hi</language>
  </mapping>
  <mapping>
    <character-name>BENGALI_SIGN_KHANDA_TA</character-name>
    <input-sequence>.T</input-sequence>
    <unicode-output-sequence>\u09CE</unicode-output-sequence>
    <extended-latin-output-sequence />
    <language>be</language>
  </mapping>
  <mapping>
    <character-name>BENGALI_LETTER_RRA</character-name>
    <input-sequence>bR</input-sequence>
    <unicode-output-sequence>\u09DC</unicode-output-sequence>
    <extended-latin-output-sequence />
    <language>be</language>
  </mapping>
  <mapping>
    <character-name>BENGALI_LETTER_RHA</character-name>
    <input-sequence>Rh</input-sequence>
    <unicode-output-sequence>\u09DD</unicode-output-sequence>
    <extended-latin-output-sequence />
    <language>be</language>
  </mapping>
  <mapping>
    <character-name>BENGALI_LETTER_YYA</character-name>
    <input-sequence>Y</input-sequence>
    <unicode-output-sequence>\u09DF</unicode-output-sequence>
    <extended-latin-output-sequence />
    <language>be</language>
  </mapping>
  <mapping>
    <character-name>BENGALI_LETTER_RA_WITH_MIDDLE_DIAGONAL</character-name>
    <input-sequence>R.d</input-sequence>
    <unicode-output-sequence>\u09F0</unicode-output-sequence>
    <extended-latin-output-sequence />
    <language>be</language>
  </mapping>
  <mapping>
    <character-name>BENGALI_LETTER_RA_WITH_LOWER_DIAGONAL</character-name>
    <input-sequence>R.l</input-sequence>
    <unicode-output-sequence>\u09F1</unicode-output-sequence>
    <extended-latin-output-sequence />
    <language>be</language>
  </mapping>
  <mapping>
    <character-name>BENGALI_RUPEE_MARK</character-name>
    <input-sequence>.$</input-sequence>
    <unicode-output-sequence>\u09F2</unicode-output-sequence>
    <extended-latin-output-sequence />
    <language>be</language>
  </mapping>
  <mapping>
    <character-name>BENGALI_RUPEE_SIGN</character-name>
    <input-sequence>$</input-sequence>
    <unicode-output-sequence>\u09F3</unicode-output-sequence>
    <extended-latin-output-sequence />
    <language>be</language>
  </mapping>
  <mapping>
    <character-name>BENGALI_CURRENCY_NUMERATOR_ONE</character-name>
    <input-sequence>$1</input-sequence>
    <unicode-output-sequence>\u09F4</unicode-output-sequence>
    <extended-latin-output-sequence />
    <language>be</language>
  </mapping>
  <mapping>
    <character-name>BENGALI_CURRENCY_NUMERATOR_TWO</character-name>
    <input-sequence>$2</input-sequence>
    <unicode-output-sequence>\u09F5</unicode-output-sequence>
    <extended-latin-output-sequence />
    <language>be</language>
  </mapping>
  <mapping>
    <character-name>BENGALI_CURRENCY_NUMERATOR_THREE</character-name>
    <input-sequence>$3</input-sequence>
    <unicode-output-sequence>\u09F6</unicode-output-sequence>
    <extended-latin-output-sequence />
    <language>be</language>
  </mapping>
  <mapping>
    <character-name>BENGALI_CURRENCY_NUMERATOR_FOUR</character-name>
    <input-sequence>$4</input-sequence>
    <unicode-output-sequence>\u09F7</unicode-output-sequence>
    <extended-latin-output-sequence />
    <language>be</language>
  </mapping>
  <mapping>
    <character-name>BENGALI_CURRENCY_NUMERATOR_ONE_LESS_THAN_THE_DENOMINATOR</character-name>
    <input-sequence>$-1</input-sequence>
    <unicode-output-sequence>\u09F8</unicode-output-sequence>
    <extended-latin-output-sequence />
    <language>be</language>
  </mapping>
  <mapping>
    <character-name>BENGALI_CURRENCY_DENOMINATOR_SIXTEEN</character-name>
    <input-sequence>$d16</input-sequence>
    <unicode-output-sequence>\u09F9</unicode-output-sequence>
    <extended-latin-output-sequence />
    <language>be</language>
  </mapping>
  <mapping>
    <character-name>BENGALI_ISSHAR</character-name>
    <input-sequence>.i</input-sequence>
    <unicode-output-sequence>\u09FA</unicode-output-sequence>
    <extended-latin-output-sequence />
    <language>be</language>
  </mapping>
  <mapping>
    <character-name>GURMUKHI_LETTER_KHHA</character-name>
    <input-sequence>K</input-sequence>
    <unicode-output-sequence>\u0A59</unicode-output-sequence>
    <extended-latin-output-sequence />
    <language>gr</language>
  </mapping>
  <mapping>
    <character-name>GURMUKHI_LETTER_GHHA</character-name>
    <input-sequence>G</input-sequence>
    <unicode-output-sequence>\u0A5A</unicode-output-sequence>
    <extended-latin-output-sequence />
    <language>gr</language>
  </mapping>
  <mapping>
    <character-name>GURMUKHI_LETTER_ZA</character-name>
    <input-sequence>J</input-sequence>
    <input-sequence>z</input-sequence>
    <unicode-output-sequence>\u0A5B</unicode-output-sequence>
    <extended-latin-output-sequence />
    <language>gr</language>
  </mapping>
  <mapping>
    <character-name>GURMUKHI_LETTER_RRA</character-name>
    <input-sequence>gR</input-sequence>
    <unicode-output-sequence>\u0A5C</unicode-output-sequence>
    <extended-latin-output-sequence />
    <language>gr</language>
  </mapping>
  <mapping>
    <character-name>GURMUKHI_LETTER_FA</character-name>
    <input-sequence>f</input-sequence>
    <unicode-output-sequence>\u0A5E</unicode-output-sequence>
    <extended-latin-output-sequence />
    <language>gr</language>
  </mapping>
  <mapping>
    <character-name>GURMUKHI_TIPPI</character-name>
    <input-sequence>.p</input-sequence>
    <unicode-output-sequence>\u0A70</unicode-output-sequence>
    <extended-latin-output-sequence />
    <language>gr</language>
  </mapping>
  <mapping>
    <character-name>GURMUKHI_ADDAK</character-name>
    <input-sequence>.d</input-sequence>
    <unicode-output-sequence>\u0A71</unicode-output-sequence>
    <extended-latin-output-sequence />
    <language>gr</language>
  </mapping>
  <mapping>
    <character-name>GURMUKHI_IRI</character-name>
    <input-sequence>.ir</input-sequence>
    <unicode-output-sequence>\u0A72</unicode-output-sequence>
    <extended-latin-output-sequence />
    <language>gr</language>
  </mapping>
  <mapping>
    <character-name>GURMUKHI_URA</character-name>
    <input-sequence>.gr</input-sequence>
    <unicode-output-sequence>\u0A73</unicode-output-sequence>
    <extended-latin-output-sequence />
    <language>gr</language>
  </mapping>
  <mapping>
    <character-name>GURMUKHI_EK_ONKAR</character-name>
    <input-sequence>onkar</input-sequence>
    <unicode-output-sequence>\u0A74</unicode-output-sequence>
    <extended-latin-output-sequence />
    <language>gr</language>
  </mapping>
  <mapping>
    <character-name>GURMUKHI_SIGN_YAKASH</character-name>
    <input-sequence>Y</input-sequence>
    <unicode-output-sequence>\u0A75</unicode-output-sequence>
    <extended-latin-output-sequence />
    <language>gr</language>
  </mapping>
  <mapping>
    <character-name>GUJARATI_RUPEE_SIGN</character-name>
    <input-sequence>$</input-sequence>
    <unicode-output-sequence>\u0AF1</unicode-output-sequence>
    <extended-latin-output-sequence />
    <language>gu</language>
  </mapping>
  <mapping>
    <character-name>ORIYA_LETTER_RRA</character-name>
    <input-sequence>oR</input-sequence>
    <unicode-output-sequence>\u0B5C</unicode-output-sequence>
    <extended-latin-output-sequence />
    <language>or</language>
  </mapping>
  <mapping>
    <character-name>ORIYA_LETTER_RHA</character-name>
    <input-sequence>Rh</input-sequence>
    <unicode-output-sequence>\u0B5D</unicode-output-sequence>
    <extended-latin-output-sequence />
    <language>or</language>
  </mapping>
  <mapping>
    <character-name>ORIYA_LETTER_YYA</character-name>
    <input-sequence>Y</input-sequence>
    <unicode-output-sequence>\u0B5F</unicode-output-sequence>
    <extended-latin-output-sequence />
    <language>or</language>
  </mapping>
  <mapping>
    <character-name>ORIYA_ISSHAR</character-name>
    <input-sequence>.i</input-sequence>
    <unicode-output-sequence>\u0B70</unicode-output-sequence>
    <extended-latin-output-sequence />
    <language>or</language>
  </mapping>
  <mapping>
    <character-name>ORIYA_LETTER_WA</character-name>
    <input-sequence>W</input-sequence>
    <unicode-output-sequence>\u0B71</unicode-output-sequence>
    <extended-latin-output-sequence />
    <language>or</language>
  </mapping>
  <mapping>
    <character-name>TAMIL_NUMBER_TEN</character-name>
    <input-sequence>10</input-sequence>
    <unicode-output-sequence>\u0BF0</unicode-output-sequence>
    <extended-latin-output-sequence />
    <language>ta</language>
  </mapping>
  <mapping>
    <character-name>TAMIL_NUMBER_ONE_HUNDRED</character-name>
    <input-sequence>100</input-sequence>
    <unicode-output-sequence>\u0BF1</unicode-output-sequence>
    <extended-latin-output-sequence />
    <language>ta</language>
  </mapping>
  <mapping>
    <character-name>TAMIL_NUMBER_ONE_THOUSAND</character-name>
    <input-sequence>1000</input-sequence>
    <unicode-output-sequence>\u0BF2</unicode-output-sequence>
    <extended-latin-output-sequence />
    <language>ta</language>
  </mapping>
  <mapping>
    <character-name>TAMIL_DAY_SIGN</character-name>
    <input-sequence>day</input-sequence>
    <unicode-output-sequence>\u0BF3</unicode-output-sequence>
    <extended-latin-output-sequence />
    <language>ta</language>
  </mapping>
  <mapping>
    <character-name>TAMIL_MONTH_SIGN</character-name>
    <input-sequence>mon</input-sequence>
    <unicode-output-sequence>\u0BF4</unicode-output-sequence>
    <extended-latin-output-sequence />
    <language>ta</language>
  </mapping>
  <mapping>
    <character-name>TAMIL_YEAR_SIGN</character-name>
    <input-sequence>yr</input-sequence>
    <unicode-output-sequence>\u0BF5</unicode-output-sequence>
    <extended-latin-output-sequence />
    <language>ta</language>
  </mapping>
  <mapping>
    <character-name>TAMIL_DEBIT_SIGN</character-name>
    <input-sequence>DB</input-sequence>
    <unicode-output-sequence>\u0BF6</unicode-output-sequence>
    <extended-latin-output-sequence />
    <language>ta</language>
  </mapping>
  <mapping>
    <character-name>TAMIL_CREDIT_SIGN</character-name>
    <input-sequence>CR</input-sequence>
    <unicode-output-sequence>\u0BF7</unicode-output-sequence>
    <extended-latin-output-sequence />
    <language>ta</language>
  </mapping>
  <mapping>
    <character-name>TAMIL_AS_ABOVE_SIGN</character-name>
    <input-sequence>@^</input-sequence>
    <unicode-output-sequence>\u0BF8</unicode-output-sequence>
    <extended-latin-output-sequence />
    <language>ta</language>
  </mapping>
  <mapping>
    <character-name>TAMIL_RUPEE_SIGN</character-name>
    <input-sequence>$</input-sequence>
    <unicode-output-sequence>\u0BF9</unicode-output-sequence>
    <extended-latin-output-sequence />
    <language>ta</language>
  </mapping>
  <mapping>
    <character-name>TAMIL_NUMBER_SIGN</character-name>
    <input-sequence>#</input-sequence>
    <unicode-output-sequence>\u0BFA</unicode-output-sequence>
    <extended-latin-output-sequence />
    <language>ta</language>
  </mapping>
  <mapping>
    <character-name>TELUGU_LETTER_TSA</character-name>
    <input-sequence>cs</input-sequence>
    <unicode-output-sequence>\u0C58</unicode-output-sequence>
    <extended-latin-output-sequence />
    <language>te</language>
  </mapping>
  <mapping>
    <character-name>TELUGU_LETTER_DZA</character-name>
    <input-sequence>dz</input-sequence>
    <unicode-output-sequence>\u0C59</unicode-output-sequence>
    <extended-latin-output-sequence />
    <language>te</language>
  </mapping>
  <mapping>
    <character-name>TELUGU_FRACTION_DIGIT_ZERO_FOR_ODD_POWERS_OF_FOUR</character-name>
    <input-sequence>.H</input-sequence>
    <unicode-output-sequence>\u0C78</unicode-output-sequence>
    <extended-latin-output-sequence />
    <language>te</language>
  </mapping>
  <mapping>
    <character-name>TELUGU_FRACTION_DIGIT_ONE_FOR_ODD_POWERS_OF_FOUR</character-name>
    <input-sequence>1/4o</input-sequence>
    <unicode-output-sequence>\u0C79</unicode-output-sequence>
    <extended-latin-output-sequence />
    <language>te</language>
  </mapping>
  <mapping>
    <character-name>TELUGU_FRACTION_DIGIT_TWO_FOR_ODD_POWERS_OF_FOUR</character-name>
    <input-sequence>2/4o</input-sequence>
    <unicode-output-sequence>\u0C7A</unicode-output-sequence>
    <extended-latin-output-sequence />
    <language>te</language>
  </mapping>
  <mapping>
    <character-name>TELUGU_FRACTION_DIGIT_THREE_FOR_ODD_POWERS_OF_FOUR</character-name>
    <input-sequence>3/4o</input-sequence>
    <unicode-output-sequence>\u0C7B</unicode-output-sequence>
    <extended-latin-output-sequence />
    <language>te</language>
  </mapping>
  <mapping>
    <character-name>TELUGU_FRACTION_DIGIT_ONE_FOR_EVEN_POWERS_OF_FOUR</character-name>
    <input-sequence>1/4e</input-sequence>
    <unicode-output-sequence>\u0C7C</unicode-output-sequence>
    <extended-latin-output-sequence />
    <language>te</language>
  </mapping>
  <mapping>
    <character-name>TELUGU_FRACTION_DIGIT_TWO_FOR_EVEN_POWERS_OF_FOUR</character-name>
    <input-sequence>2/4e</input-sequence>
    <unicode-output-sequence>\u0C7D</unicode-output-sequence>
    <extended-latin-output-sequence />
    <language>te</language>
  </mapping>
  <mapping>
    <character-name>TELUGU_FRACTION_DIGIT_THREE_FOR_EVEN_POWERS_OF_FOUR</character-name>
    <input-sequence>3/4e</input-sequence>
    <unicode-output-sequence>\u0C7E</unicode-output-sequence>
    <extended-latin-output-sequence />
    <language>te</language>
  </mapping>
  <mapping>
    <character-name>TELUGU_SIGN_TUUMU</character-name>
    <input-sequence>.t</input-sequence>
    <unicode-output-sequence>\u0C7F</unicode-output-sequence>
    <extended-latin-output-sequence />
    <language>te</language>
  </mapping>
  <mapping>
    <character-name>KANNADA_LETTER_FA</character-name>
    <input-sequence>f</input-sequence>
    <unicode-output-sequence>\u0CDE</unicode-output-sequence>
    <extended-latin-output-sequence />
    <language>ka</language>
  </mapping>
  <mapping>
    <character-name>KANNADA_SIGN_JIHVAMULIYA</character-name>
    <input-sequence>.j</input-sequence>
    <unicode-output-sequence>\u0CF1</unicode-output-sequence>
    <extended-latin-output-sequence />
    <language>ka</language>
  </mapping>
  <mapping>
    <character-name>KANNADA_SIGN_UPADHMANIYA</character-name>
    <input-sequence>.u</input-sequence>
    <unicode-output-sequence>\u0CF2</unicode-output-sequence>
    <extended-latin-output-sequence />
    <language>ka</language>
  </mapping>
  <mapping>
    <character-name>MALAYALAM_NUMBER_TEN</character-name>
    <input-sequence>10</input-sequence>
    <unicode-output-sequence>\u0D70</unicode-output-sequence>
    <extended-latin-output-sequence />
    <language>ma</language>
  </mapping>
  <mapping>
    <character-name>MALAYALAM_NUMBER_ONE_HUNDRED</character-name>
    <input-sequence>100</input-sequence>
    <unicode-output-sequence>\u0D71</unicode-output-sequence>
    <extended-latin-output-sequence />
    <language>ma</language>
  </mapping>
  <mapping>
    <character-name>MALAYALAM_NUMBER_ONE_THOUSAND</character-name>
    <input-sequence>1000</input-sequence>
    <unicode-output-sequence>\u0D72</unicode-output-sequence>
    <extended-latin-output-sequence />
    <language>ma</language>
  </mapping>
  <mapping>
    <character-name>MALAYALAM_FRACTION_ONE_QUARTER</character-name>
    <input-sequence>1/4</input-sequence>
    <unicode-output-sequence>\u0D73</unicode-output-sequence>
    <extended-latin-output-sequence />
    <language>ma</language>
  </mapping>
  <mapping>
    <character-name>MALAYALAM_FRACTION_ONE_HALF</character-name>
    <input-sequence>1/2</input-sequence>
    <unicode-output-sequence>\u0D74</unicode-output-sequence>
    <extended-latin-output-sequence />
    <language>ma</language>
  </mapping>
  <mapping>
    <character-name>MALAYALAM_FRACTION_THREE_QUARTERS</character-name>
    <input-sequence>3/4</input-sequence>
    <unicode-output-sequence>\u0D75</unicode-output-sequence>
    <extended-latin-output-sequence />
    <language>ma</language>
  </mapping>
  <mapping>
    <character-name>MALAYALAM_DATE_MARK</character-name>
    <input-sequence>date</input-sequence>
    <unicode-output-sequence>\u0D79</unicode-output-sequence>
    <extended-latin-output-sequence />
    <language>ma</language>
  </mapping>
  <mapping>
    <character-name>COMBINING_DEVANAGARI_DIGIT_ZERO</character-name>
    <input-sequence>^0</input-sequence>
    <unicode-output-sequence>\uA8E0</unicode-output-sequence>
    <extended-latin-output-sequence />
    <language>hi</language>
  </mapping>
  <mapping>
    <character-name>COMBINING_DEVANAGARI_DIGIT_ONE</character-name>
    <input-sequence>^1</input-sequence>
    <unicode-output-sequence>\uA8E1</unicode-output-sequence>
    <extended-latin-output-sequence />
    <language>hi</language>
  </mapping>
  <mapping>
    <character-name>COMBINING_DEVANAGARI_DIGIT_TWO</character-name>
    <input-sequence>^2</input-sequence>
    <unicode-output-sequence>\uA8E2</unicode-output-sequence>
    <extended-latin-output-sequence />
    <language>hi</language>
  </mapping>
  <mapping>
    <character-name>COMBINING_DEVANAGARI_DIGIT_THREE</character-name>
    <input-sequence>^3</input-sequence>
    <unicode-output-sequence>\uA8E3</unicode-output-sequence>
    <extended-latin-output-sequence />
    <language>hi</language>
  </mapping>
  <mapping>
    <character-name>COMBINING_DEVANAGARI_DIGIT_FOUR</character-name>
    <input-sequence>^4</input-sequence>
    <unicode-output-sequence>\uA8E4</unicode-output-sequence>
    <extended-latin-output-sequence />
    <language>hi</language>
  </mapping>
  <mapping>
    <character-name>COMBINING_DEVANAGARI_DIGIT_FIVE</character-name>
    <input-sequence>^5</input-sequence>
    <unicode-output-sequence>\uA8E5</unicode-output-sequence>
    <extended-latin-output-sequence />
    <language>hi</language>
  </mapping>
  <mapping>
    <character-name>COMBINING_DEVANAGARI_DIGIT_SIX</character-name>
    <input-sequence>^6</input-sequence>
    <unicode-output-sequence>\uA8E6</unicode-output-sequence>
    <extended-latin-output-sequence />
    <language>hi</language>
  </mapping>
  <mapping>
    <character-name>COMBINING_DEVANAGARI_DIGIT_SEVEN</character-name>
    <input-sequence>^7</input-sequence>
    <unicode-output-sequence>\uA8E7</unicode-output-sequence>
    <extended-latin-output-sequence />
    <language>hi</language>
  </mapping>
  <mapping>
    <character-name>COMBINING_DEVANAGARI_DIGIT_EIGHT</character-name>
    <input-sequence>^8</input-sequence>
    <unicode-output-sequence>\uA8E8</unicode-output-sequence>
    <extended-latin-output-sequence />
    <language>hi</language>
  </mapping>
  <mapping>
    <character-name>COMBINING_DEVANAGARI_DIGIT_NINE</character-name>
    <input-sequence>^9</input-sequence>
    <unicode-output-sequence>\uA8E9</unicode-output-sequence>
    <extended-latin-output-sequence />
    <language>hi</language>
  </mapping>
  <mapping>
    <character-name>COMBINING_DEVANAGARI_LETTER_A</character-name>
    <input-sequence>^A</input-sequence>
    <unicode-output-sequence>\uA8EA</unicode-output-sequence>
    <extended-latin-output-sequence />
    <language>hi</language>
  </mapping>
  <mapping>
    <character-name>COMBINING_DEVANAGARI_LETTER_U</character-name>
    <input-sequence>^U</input-sequence>
    <unicode-output-sequence>\uA8EB</unicode-output-sequence>
    <extended-latin-output-sequence />
    <language>hi</language>
  </mapping>
  <mapping>
    <character-name>COMBINING_DEVANAGARI_LETTER_KA</character-name>
    <input-sequence>^K</input-sequence>
    <unicode-output-sequence>\uA8EC</unicode-output-sequence>
    <extended-latin-output-sequence />
    <language>hi</language>
  </mapping>
  <mapping>
    <character-name>COMBINING_DEVANAGARI_LETTER_NA</character-name>
    <input-sequence>^N</input-sequence>
    <unicode-output-sequence>\uA8ED</unicode-output-sequence>
    <extended-latin-output-sequence />
    <language>hi</language>
  </mapping>
  <mapping>
    <character-name>COMBINING_DEVANAGARI_LETTER_PA</character-name>
    <input-sequence>^P</input-sequence>
    <unicode-output-sequence>\uA8EE</unicode-output-sequence>
    <extended-latin-output-sequence />
    <language>hi</language>
  </mapping>
  <mapping>
    <character-name>COMBINING_DEVANAGARI_LETTER_RA</character-name>
    <input-sequence>^r</input-sequence>
    <unicode-output-sequence>\uA8EF</unicode-output-sequence>
    <extended-latin-output-sequence />
    <language>hi</language>
  </mapping>
  <mapping>
    <character-name>COMBINING_DEVANAGARI_LETTER_VI</character-name>
    <input-sequence>^V</input-sequence>
    <unicode-output-sequence>\uA8F0</unicode-output-sequence>
    <extended-latin-output-sequence />
    <language>hi</language>
  </mapping>
  <mapping>
    <character-name>COMBINING_DEVANAGARI_SIGN_AVAGRAHA</character-name>
    <input-sequence>^AV</input-sequence>
    <unicode-output-sequence>\uA8F1</unicode-output-sequence>
    <extended-latin-output-sequence />
    <language>hi</language>
  </mapping>
  <mapping>
    <character-name>DEVANAGARI_SIGN_SPACING_CANDRABINDU</character-name>
    <input-sequence>^CN</input-sequence>
    <unicode-output-sequence>\uA8F2</unicode-output-sequence>
    <extended-latin-output-sequence />
    <language>hi</language>
  </mapping>
  <mapping>
    <character-name>DEVANAGARI_SIGN_CANDRABINDU_VIRAMA</character-name>
    <input-sequence>^VR</input-sequence>
    <unicode-output-sequence>\uA8F3</unicode-output-sequence>
    <extended-latin-output-sequence />
    <language>hi</language>
  </mapping>
  <mapping>
    <character-name>DEVANAGARI_SIGN_DOUBLE_CANDRABINDU_VIRAMA</character-name>
    <input-sequence>^CVR</input-sequence>
    <unicode-output-sequence>\uA8F4</unicode-output-sequence>
    <extended-latin-output-sequence />
    <language>hi</language>
  </mapping>
  <mapping>
    <character-name>DEVANAGARI_SIGN_CANDRABINDU_TWO</character-name>
    <input-sequence>^C2</input-sequence>
    <unicode-output-sequence>\uA8F5</unicode-output-sequence>
    <extended-latin-output-sequence />
    <language>hi</language>
  </mapping>
  <mapping>
    <character-name>DEVANAGARI_SIGN_CANDRABINDU_THREE</character-name>
    <input-sequence>^C3</input-sequence>
    <unicode-output-sequence>\uA8F6</unicode-output-sequence>
    <extended-latin-output-sequence />
    <language>hi</language>
  </mapping>
  <mapping>
    <character-name>DEVANAGARI_SIGN_CANDRABINDU_AVAGRAHA</character-name>
    <input-sequence>^CA</input-sequence>
    <unicode-output-sequence>\uA8F7</unicode-output-sequence>
    <extended-latin-output-sequence />
    <language>hi</language>
  </mapping>
  <mapping>
    <character-name>DEVANAGARI_SIGN_PUSHPIKA</character-name>
    <input-sequence>^SP</input-sequence>
    <unicode-output-sequence>\uA8F8</unicode-output-sequence>
    <extended-latin-output-sequence />
    <language>hi</language>
  </mapping>
  <mapping>
    <character-name>DEVANAGARI_GAP_FILLER</character-name>
    <input-sequence>^GP</input-sequence>
    <unicode-output-sequence>\uA8F9</unicode-output-sequence>
    <extended-latin-output-sequence />
    <language>hi</language>
  </mapping>
  <mapping>
    <character-name>DEVANAGARI_CARET</character-name>
    <input-sequence>^CRT</input-sequence>
    <unicode-output-sequence>\uA8FA</unicode-output-sequence>
    <extended-latin-output-sequence />
    <language>hi</language>
  </mapping>
  <mapping>
    <character-name>DEVANAGARI_HEADSTROKE</character-name>
    <input-sequence>^HS</input-sequence>
    <unicode-output-sequence>\uA8FB</unicode-output-sequence>
    <extended-latin-output-sequence />
    <language>hi</language>
  </mapping>
  <mapping>
    <character-name>VEDIC_TONE_KARSHANA</character-name>
    <input-sequence>\kar</input-sequence>
    <unicode-output-sequence>\u1CD0</unicode-output-sequence>
    <extended-latin-output-sequence />
    <language>*</language>
  </mapping>
  <mapping>
    <character-name>VEDIC_TONE_SHARA</character-name>
    <input-sequence>\shr</input-sequence>
    <unicode-output-sequence>\u1CD1</unicode-output-sequence>
    <extended-latin-output-sequence />
    <language>*</language>
  </mapping>
  <mapping>
    <character-name>VEDIC_TONE_PRENKHA</character-name>
    <input-sequence>\prn</input-sequence>
    <unicode-output-sequence>\u1CD2</unicode-output-sequence>
    <extended-latin-output-sequence />
    <language>*</language>
  </mapping>
  <mapping>
    <character-name>VEDIC_SIGN_NIHSHVASA</character-name>
    <input-sequence>\nih</input-sequence>
    <unicode-output-sequence>\u1CD3</unicode-output-sequence>
    <extended-latin-output-sequence />
    <language>*</language>
  </mapping>
  <mapping>
    <character-name>VEDIC_SIGN_YAJURVEDIC_MIDLINE_SVARITA</character-name>
    <input-sequence>\yms</input-sequence>
    <unicode-output-sequence>\u1CD4</unicode-output-sequence>
    <extended-latin-output-sequence />
    <language>*</language>
  </mapping>
  <mapping>
    <character-name>VEDIC_TONE_YAJURVEDIC_AGGRAVATED_INDEPENDENT_SVARITA</character-name>
    <input-sequence>\yais</input-sequence>
    <unicode-output-sequence>\u1CD5</unicode-output-sequence>
    <extended-latin-output-sequence />
    <language>*</language>
  </mapping>
  <mapping>
    <character-name>VEDIC_TONE_YAJURVEDIC_INDEPENDENT_SVARITA</character-name>
    <input-sequence>\yis</input-sequence>
    <unicode-output-sequence>\u1CD6</unicode-output-sequence>
    <extended-latin-output-sequence />
    <language>*</language>
  </mapping>
  <mapping>
    <character-name>VEDIC_TONE_YAJURVEDIC_KATHAKA_INDEPENDENT_SVARITA</character-name>
    <input-sequence>\ykis</input-sequence>
    <unicode-output-sequence>\u1CD7</unicode-output-sequence>
    <extended-latin-output-sequence />
    <language>*</language>
  </mapping>
  <mapping>
    <character-name>VEDIC_TONE_CANDRA_BELOW</character-name>
    <input-sequence>\cb</input-sequence>
    <unicode-output-sequence>\u1CD8</unicode-output-sequence>
    <extended-latin-output-sequence />
    <language>*</language>
  </mapping>
  <mapping>
    <character-name>VEDIC_TONE_YAJURVEDIC_KATHAKA_INDEPENDENT_SVARITA_SCHROEDER</character-name>
    <input-sequence>\ykiss</input-sequence>
    <unicode-output-sequence>\u1CD9</unicode-output-sequence>
    <extended-latin-output-sequence />
    <language>*</language>
  </mapping>
  <mapping>
    <character-name>VEDIC_TONE_DOUBLE_SVARITA</character-name>
    <input-sequence>\2s</input-sequence>
    <unicode-output-sequence>\u1CDA</unicode-output-sequence>
    <extended-latin-output-sequence />
    <language>*</language>
  </mapping>
  <mapping>
    <character-name>VEDIC_TONE_TRIPLE_SVARITA</character-name>
    <input-sequence>\3s</input-sequence>
    <unicode-output-sequence>\u1CDB</unicode-output-sequence>
    <extended-latin-output-sequence />
    <language>*</language>
  </mapping>
  <mapping>
    <character-name>VEDIC_TONE_KATHAKA_ANUDATTA</character-name>
    <input-sequence>\ka</input-sequence>
    <unicode-output-sequence>\u1CDC</unicode-output-sequence>
    <extended-latin-output-sequence />
    <language>*</language>
  </mapping>
  <mapping>
    <character-name>VEDIC_TONE_DOT_BELOW</character-name>
    <input-sequence>\.b</input-sequence>
    <unicode-output-sequence>\u1CDD</unicode-output-sequence>
    <extended-latin-output-sequence />
    <language>*</language>
  </mapping>
  <mapping>
    <character-name>VEDIC_TONE_TWO_DOTS_BELOW</character-name>
    <input-sequence>\..b</input-sequence>
    <input-sequence>\2.b</input-sequence>
    <unicode-output-sequence>\u1CDE</unicode-output-sequence>
    <extended-latin-output-sequence />
    <language>*</language>
  </mapping>
  <mapping>
    <character-name>VEDIC_TONE_THREE_DOTS_BELOW</character-name>
    <input-sequence>\3.b</input-sequence>
    <unicode-output-sequence>\u1CDF</unicode-output-sequence>
    <extended-latin-output-sequence />
    <language>*</language>
  </mapping>
  <mapping>
    <character-name>VEDIC_TONE_RIGVEDIC_KASHMIRI_INDEPENDENT_SVARITA</character-name>
    <input-sequence>\rkis</input-sequence>
    <unicode-output-sequence>\u1CE0</unicode-output-sequence>
    <extended-latin-output-sequence />
    <language>*</language>
  </mapping>
  <mapping>
    <character-name>VEDIC_TONE_ATHARVAVEDIC_INDEPENDENT_SVARITA</character-name>
    <input-sequence>\ais</input-sequence>
    <unicode-output-sequence>\u1CE1</unicode-output-sequence>
    <extended-latin-output-sequence />
    <language>*</language>
  </mapping>
  <mapping>
    <character-name>VEDIC_SIGN_VISARGA_SVARITA</character-name>
    <input-sequence>\vs</input-sequence>
    <unicode-output-sequence>\u1CE2</unicode-output-sequence>
    <extended-latin-output-sequence />
    <language>*</language>
  </mapping>
  <mapping>
    <character-name>VEDIC_SIGN_VISARGA_UDATTA</character-name>
    <input-sequence>\vu</input-sequence>
    <unicode-output-sequence>\u1CE3</unicode-output-sequence>
    <extended-latin-output-sequence />
    <language>*</language>
  </mapping>
  <mapping>
    <character-name>VEDIC_SIGN_REVERSED_VISARGA_UDATTA</character-name>
    <input-sequence>\rvu</input-sequence>
    <unicode-output-sequence>\u1CE4</unicode-output-sequence>
    <extended-latin-output-sequence />
    <language>*</language>
  </mapping>
  <mapping>
    <character-name>VEDIC_SIGN_VISARGA_ANUDATTA</character-name>
    <input-sequence>\van</input-sequence>
    <unicode-output-sequence>\u1CE5</unicode-output-sequence>
    <extended-latin-output-sequence />
    <language>*</language>
  </mapping>
  <mapping>
    <character-name>VEDIC_SIGN_REVERSED_VISARGA_ANUDATTA</character-name>
    <input-sequence>\rvan</input-sequence>
    <unicode-output-sequence>\u1CE6</unicode-output-sequence>
    <extended-latin-output-sequence />
    <language>*</language>
  </mapping>
  <mapping>
    <character-name>VEDIC_SIGN_VISARGA_UDATTA_WITH_TAIL</character-name>
    <input-sequence>\vut</input-sequence>
    <unicode-output-sequence>\u1CE7</unicode-output-sequence>
    <extended-latin-output-sequence />
    <language>*</language>
  </mapping>
  <mapping>
    <character-name>VEDIC_SIGN_VISARGA_ANUDATTA_WITH_TAIL</character-name>
    <input-sequence>\vat</input-sequence>
    <unicode-output-sequence>\u1CE8</unicode-output-sequence>
    <extended-latin-output-sequence />
    <language>*</language>
  </mapping>
  <mapping>
    <character-name>VEDIC_SIGN_ANUSVARA_ANTARGOMUKHA</character-name>
    <input-sequence>\aag</input-sequence>
    <unicode-output-sequence>\u1CE9</unicode-output-sequence>
    <extended-latin-output-sequence />
    <language>*</language>
  </mapping>
  <mapping>
    <character-name>VEDIC_SIGN_ANUSVARA_BAHIRGOMUKHA</character-name>
    <input-sequence>\abg</input-sequence>
    <unicode-output-sequence>\u1CEA</unicode-output-sequence>
    <extended-latin-output-sequence />
    <language>*</language>
  </mapping>
  <mapping>
    <character-name>VEDIC_SIGN_ANUSVARA_VAMAGOMUKHA</character-name>
    <input-sequence>\avg</input-sequence>
    <unicode-output-sequence>\u1CEB</unicode-output-sequence>
    <extended-latin-output-sequence />
    <language>*</language>
  </mapping>
  <mapping>
    <character-name>VEDIC_SIGN_ANUSVARA_VAMAGOMUKHA_WITH_TAIL</character-name>
    <input-sequence>\avgt</input-sequence>
    <unicode-output-sequence>\u1CEC</unicode-output-sequence>
    <extended-latin-output-sequence />
    <language>*</language>
  </mapping>
  <mapping>
    <character-name>VEDIC_SIGN_TIRYAK</character-name>
    <input-sequence>\3k</input-sequence>
    <unicode-output-sequence>\u1CED</unicode-output-sequence>
    <extended-latin-output-sequence />
    <language>*</language>
  </mapping>
  <mapping>
    <character-name>VEDIC_SIGN_HEXIFORM_LONG_ANUSVARA</character-name>
    <input-sequence>\6n</input-sequence>
    <unicode-output-sequence>\u1CEE</unicode-output-sequence>
    <extended-latin-output-sequence />
    <language>*</language>
  </mapping>
  <mapping>
    <character-name>VEDIC_SIGN_LONG_ANUSVARA</character-name>
    <input-sequence>\ln</input-sequence>
    <unicode-output-sequence>\u1CEF</unicode-output-sequence>
    <extended-latin-output-sequence />
    <language>*</language>
  </mapping>
  <mapping>
    <character-name>VEDIC_SIGN_RTHANG_LONG_ANUSVARA</character-name>
    <input-sequence>\rln</input-sequence>
    <unicode-output-sequence>\u1CF0</unicode-output-sequence>
    <extended-latin-output-sequence />
    <language>*</language>
  </mapping>
  <mapping>
    <character-name>VEDIC_SIGN_ANUSVARA_UBHAYATO_MUKHA</character-name>
    <input-sequence>\num</input-sequence>
    <unicode-output-sequence>\u1CF1</unicode-output-sequence>
    <extended-latin-output-sequence />
    <language>*</language>
  </mapping>
  <mapping>
    <character-name>VEDIC_SIGN_ARDHAVISARGA</character-name>
    <input-sequence>\avs</input-sequence>
    <unicode-output-sequence>\u1CF2</unicode-output-sequence>
    <extended-latin-output-sequence />
    <language>*</language>
  </mapping>
</TransliterationMap>
